[2021-09-05T18:24:12.365+0530][gc,heap] Heap region size: 1M
[2021-09-05T18:24:12.377+0530][gc     ] Using G1
[2021-09-05T18:24:12.377+0530][gc,heap,coops] Heap address: 0x00000000c0000000, size: 1024 MB, Compressed Oops mode: 32-bit
[2021-09-05T18:24:12.377+0530][gc,cds       ] Mark closed archive regions in map: [0x00000000fff00000, 0x00000000fff6aff8]
[2021-09-05T18:24:12.377+0530][gc,cds       ] Mark open archive regions in map: [0x00000000ffe00000, 0x00000000ffe46ff8]
[2021-09-05T18:24:13.193+0530][gc,start     ] GC(0) Pause Young (Normal) (G1 Evacuation Pause)
[2021-09-05T18:24:13.194+0530][gc,task      ] GC(0) Using 8 workers of 8 for evacuation
[2021-09-05T18:24:13.201+0530][gc,phases    ] GC(0)   Pre Evacuate Collection Set: 0.0ms
[2021-09-05T18:24:13.201+0530][gc,phases    ] GC(0)   Evacuate Collection Set: 7.0ms
[2021-09-05T18:24:13.201+0530][gc,phases    ] GC(0)   Post Evacuate Collection Set: 0.5ms
[2021-09-05T18:24:13.201+0530][gc,phases    ] GC(0)   Other: 0.9ms
[2021-09-05T18:24:13.201+0530][gc,heap      ] GC(0) Eden regions: 51->0(44)
[2021-09-05T18:24:13.201+0530][gc,heap      ] GC(0) Survivor regions: 0->7(7)
[2021-09-05T18:24:13.201+0530][gc,heap      ] GC(0) Old regions: 2->2
[2021-09-05T18:24:13.201+0530][gc,heap      ] GC(0) Humongous regions: 0->0
[2021-09-05T18:24:13.201+0530][gc,metaspace ] GC(0) Metaspace: 15794K->15794K(1062912K)
[2021-09-05T18:24:13.201+0530][gc           ] GC(0) Pause Young (Normal) (G1 Evacuation Pause) 51M->7M(1024M) 8.410ms
[2021-09-05T18:24:13.201+0530][gc,cpu       ] GC(0) User=0.06s Sys=0.00s Real=0.01s
[2021-09-05T18:24:13.415+0530][gc,start     ] GC(1) Pause Young (Concurrent Start) (Metadata GC Threshold)
[2021-09-05T18:24:13.415+0530][gc,task      ] GC(1) Using 8 workers of 8 for evacuation
[2021-09-05T18:24:13.424+0530][gc,phases    ] GC(1)   Pre Evacuate Collection Set: 0.1ms
[2021-09-05T18:24:13.424+0530][gc,phases    ] GC(1)   Evacuate Collection Set: 8.8ms
[2021-09-05T18:24:13.424+0530][gc,phases    ] GC(1)   Post Evacuate Collection Set: 0.7ms
[2021-09-05T18:24:13.424+0530][gc,phases    ] GC(1)   Other: 0.2ms
[2021-09-05T18:24:13.424+0530][gc,heap      ] GC(1) Eden regions: 19->0(49)
[2021-09-05T18:24:13.424+0530][gc,heap      ] GC(1) Survivor regions: 7->2(7)
[2021-09-05T18:24:13.424+0530][gc,heap      ] GC(1) Old regions: 2->9
[2021-09-05T18:24:13.424+0530][gc,heap      ] GC(1) Humongous regions: 0->0
[2021-09-05T18:24:13.424+0530][gc,metaspace ] GC(1) Metaspace: 20491K->20491K(1067008K)
[2021-09-05T18:24:13.424+0530][gc           ] GC(1) Pause Young (Concurrent Start) (Metadata GC Threshold) 25M->8M(1024M) 9.863ms
[2021-09-05T18:24:13.424+0530][gc,cpu       ] GC(1) User=0.06s Sys=0.00s Real=0.01s
[2021-09-05T18:24:13.424+0530][gc           ] GC(2) Concurrent Cycle
[2021-09-05T18:24:13.424+0530][gc,marking   ] GC(2) Concurrent Clear Claimed Marks
[2021-09-05T18:24:13.425+0530][gc,marking   ] GC(2) Concurrent Clear Claimed Marks 0.036ms
[2021-09-05T18:24:13.425+0530][gc,marking   ] GC(2) Concurrent Scan Root Regions
[2021-09-05T18:24:13.426+0530][gc,marking   ] GC(2) Concurrent Scan Root Regions 1.079ms
[2021-09-05T18:24:13.426+0530][gc,marking   ] GC(2) Concurrent Mark (1.066s)
[2021-09-05T18:24:13.426+0530][gc,marking   ] GC(2) Concurrent Mark From Roots
[2021-09-05T18:24:13.426+0530][gc,task      ] GC(2) Using 2 workers of 2 for marking
[2021-09-05T18:24:13.431+0530][gc,marking   ] GC(2) Concurrent Mark From Roots 5.225ms
[2021-09-05T18:24:13.431+0530][gc,marking   ] GC(2) Concurrent Preclean
[2021-09-05T18:24:13.431+0530][gc,marking   ] GC(2) Concurrent Preclean 0.097ms
[2021-09-05T18:24:13.431+0530][gc,marking   ] GC(2) Concurrent Mark (1.066s, 1.071s) 5.365ms
[2021-09-05T18:24:13.431+0530][gc,start     ] GC(2) Pause Remark
[2021-09-05T18:24:13.435+0530][gc,stringtable] GC(2) Cleaned string and symbol table, strings: 4978 processed, 0 removed, symbols: 50024 processed, 56 removed
[2021-09-05T18:24:13.435+0530][gc            ] GC(2) Pause Remark 9M->9M(1024M) 3.926ms
[2021-09-05T18:24:13.435+0530][gc,cpu        ] GC(2) User=0.02s Sys=0.00s Real=0.00s
[2021-09-05T18:24:13.435+0530][gc,marking    ] GC(2) Concurrent Rebuild Remembered Sets
[2021-09-05T18:24:13.439+0530][gc,marking    ] GC(2) Concurrent Rebuild Remembered Sets 3.652ms
[2021-09-05T18:24:13.439+0530][gc,start      ] GC(2) Pause Cleanup
[2021-09-05T18:24:13.439+0530][gc            ] GC(2) Pause Cleanup 9M->9M(1024M) 0.272ms
[2021-09-05T18:24:13.439+0530][gc,cpu        ] GC(2) User=0.00s Sys=0.00s Real=0.00s
[2021-09-05T18:24:13.439+0530][gc,marking    ] GC(2) Concurrent Cleanup for Next Mark
[2021-09-05T18:24:13.443+0530][gc,marking    ] GC(2) Concurrent Cleanup for Next Mark 3.741ms
[2021-09-05T18:24:13.443+0530][gc            ] GC(2) Concurrent Cycle 18.614ms
[2021-09-05T18:24:14.015+0530][gc,start      ] GC(3) Pause Young (Normal) (G1 Evacuation Pause)
[2021-09-05T18:24:14.015+0530][gc,task       ] GC(3) Using 8 workers of 8 for evacuation
[2021-09-05T18:24:14.019+0530][gc,phases     ] GC(3)   Pre Evacuate Collection Set: 0.0ms
[2021-09-05T18:24:14.019+0530][gc,phases     ] GC(3)   Evacuate Collection Set: 3.3ms
[2021-09-05T18:24:14.019+0530][gc,phases     ] GC(3)   Post Evacuate Collection Set: 0.6ms
[2021-09-05T18:24:14.019+0530][gc,phases     ] GC(3)   Other: 0.2ms
[2021-09-05T18:24:14.019+0530][gc,heap       ] GC(3) Eden regions: 49->0(46)
[2021-09-05T18:24:14.019+0530][gc,heap       ] GC(3) Survivor regions: 2->5(7)
[2021-09-05T18:24:14.019+0530][gc,heap       ] GC(3) Old regions: 9->9
[2021-09-05T18:24:14.019+0530][gc,heap       ] GC(3) Humongous regions: 129->129
[2021-09-05T18:24:14.019+0530][gc,metaspace  ] GC(3) Metaspace: 29448K->29448K(1075200K)
[2021-09-05T18:24:14.019+0530][gc            ] GC(3) Pause Young (Normal) (G1 Evacuation Pause) 186M->140M(1024M) 4.204ms
[2021-09-05T18:24:14.019+0530][gc,cpu        ] GC(3) User=0.02s Sys=0.00s Real=0.01s
[2021-09-05T18:24:19.456+0530][gc,start      ] GC(4) Pause Young (Concurrent Start) (Metadata GC Threshold)
[2021-09-05T18:24:19.456+0530][gc,task       ] GC(4) Using 8 workers of 8 for evacuation
[2021-09-05T18:24:19.465+0530][gc,phases     ] GC(4)   Pre Evacuate Collection Set: 0.2ms
[2021-09-05T18:24:19.465+0530][gc,phases     ] GC(4)   Evacuate Collection Set: 8.0ms
[2021-09-05T18:24:19.465+0530][gc,phases     ] GC(4)   Post Evacuate Collection Set: 0.4ms
[2021-09-05T18:24:19.465+0530][gc,phases     ] GC(4)   Other: 0.4ms
[2021-09-05T18:24:19.465+0530][gc,heap       ] GC(4) Eden regions: 24->0(49)
[2021-09-05T18:24:19.465+0530][gc,heap       ] GC(4) Survivor regions: 5->2(7)
[2021-09-05T18:24:19.465+0530][gc,heap       ] GC(4) Old regions: 9->13
[2021-09-05T18:24:19.465+0530][gc,heap       ] GC(4) Humongous regions: 129->129
[2021-09-05T18:24:19.465+0530][gc,metaspace  ] GC(4) Metaspace: 34641K->34641K(1081344K)
[2021-09-05T18:24:19.465+0530][gc            ] GC(4) Pause Young (Concurrent Start) (Metadata GC Threshold) 163M->142M(1024M) 9.009ms
[2021-09-05T18:24:19.465+0530][gc,cpu        ] GC(4) User=0.03s Sys=0.01s Real=0.01s
[2021-09-05T18:24:19.465+0530][gc            ] GC(5) Concurrent Cycle
[2021-09-05T18:24:19.465+0530][gc,marking    ] GC(5) Concurrent Clear Claimed Marks
[2021-09-05T18:24:19.465+0530][gc,marking    ] GC(5) Concurrent Clear Claimed Marks 0.140ms
[2021-09-05T18:24:19.465+0530][gc,marking    ] GC(5) Concurrent Scan Root Regions
[2021-09-05T18:24:19.466+0530][gc,marking    ] GC(5) Concurrent Scan Root Regions 0.950ms
[2021-09-05T18:24:19.466+0530][gc,marking    ] GC(5) Concurrent Mark (7.106s)
[2021-09-05T18:24:19.466+0530][gc,marking    ] GC(5) Concurrent Mark From Roots
[2021-09-05T18:24:19.466+0530][gc,task       ] GC(5) Using 2 workers of 2 for marking
[2021-09-05T18:24:19.481+0530][gc,marking    ] GC(5) Concurrent Mark From Roots 14.608ms
[2021-09-05T18:24:19.481+0530][gc,marking    ] GC(5) Concurrent Preclean
[2021-09-05T18:24:19.481+0530][gc,marking    ] GC(5) Concurrent Preclean 0.088ms
[2021-09-05T18:24:19.481+0530][gc,marking    ] GC(5) Concurrent Mark (7.106s, 7.121s) 14.753ms
[2021-09-05T18:24:19.481+0530][gc,start      ] GC(5) Pause Remark
[2021-09-05T18:24:19.483+0530][gc,stringtable] GC(5) Cleaned string and symbol table, strings: 10919 processed, 13 removed, symbols: 82517 processed, 19 removed
[2021-09-05T18:24:19.483+0530][gc            ] GC(5) Pause Remark 142M->142M(1024M) 1.882ms
[2021-09-05T18:24:19.483+0530][gc,cpu        ] GC(5) User=0.01s Sys=0.00s Real=0.00s
[2021-09-05T18:24:19.483+0530][gc,marking    ] GC(5) Concurrent Rebuild Remembered Sets
[2021-09-05T18:24:19.488+0530][gc,marking    ] GC(5) Concurrent Rebuild Remembered Sets 4.849ms
[2021-09-05T18:24:19.489+0530][gc,start      ] GC(5) Pause Cleanup
[2021-09-05T18:24:19.489+0530][gc            ] GC(5) Pause Cleanup 142M->142M(1024M) 0.220ms
[2021-09-05T18:24:19.489+0530][gc,cpu        ] GC(5) User=0.00s Sys=0.00s Real=0.00s
[2021-09-05T18:24:19.489+0530][gc,marking    ] GC(5) Concurrent Cleanup for Next Mark
[2021-09-05T18:24:19.492+0530][gc,marking    ] GC(5) Concurrent Cleanup for Next Mark 3.049ms
[2021-09-05T18:24:19.492+0530][gc            ] GC(5) Concurrent Cycle 26.878ms
[2021-09-05T18:32:28.734+0530][gc,start      ] GC(6) Pause Young (Normal) (G1 Evacuation Pause)
[2021-09-05T18:32:28.734+0530][gc,task       ] GC(6) Using 8 workers of 8 for evacuation
[2021-09-05T18:32:28.742+0530][gc,phases     ] GC(6)   Pre Evacuate Collection Set: 0.0ms
[2021-09-05T18:32:28.742+0530][gc,phases     ] GC(6)   Evacuate Collection Set: 6.9ms
[2021-09-05T18:32:28.742+0530][gc,phases     ] GC(6)   Post Evacuate Collection Set: 0.6ms
[2021-09-05T18:32:28.742+0530][gc,phases     ] GC(6)   Other: 0.3ms
[2021-09-05T18:32:28.742+0530][gc,heap       ] GC(6) Eden regions: 49->0(46)
[2021-09-05T18:32:28.742+0530][gc,heap       ] GC(6) Survivor regions: 2->5(7)
[2021-09-05T18:32:28.742+0530][gc,heap       ] GC(6) Old regions: 13->13
[2021-09-05T18:32:28.742+0530][gc,heap       ] GC(6) Humongous regions: 129->129
[2021-09-05T18:32:28.742+0530][gc,metaspace  ] GC(6) Metaspace: 41047K->41047K(1085440K)
[2021-09-05T18:32:28.742+0530][gc            ] GC(6) Pause Young (Normal) (G1 Evacuation Pause) 191M->144M(1024M) 7.889ms
[2021-09-05T18:32:28.742+0530][gc,cpu        ] GC(6) User=0.06s Sys=0.00s Real=0.01s
[2021-09-05T18:41:08.540+0530][gc,start      ] GC(7) Pause Young (Normal) (G1 Evacuation Pause)
[2021-09-05T18:41:08.540+0530][gc,task       ] GC(7) Using 8 workers of 8 for evacuation
[2021-09-05T18:41:08.550+0530][gc,phases     ] GC(7)   Pre Evacuate Collection Set: 0.0ms
[2021-09-05T18:41:08.550+0530][gc,phases     ] GC(7)   Evacuate Collection Set: 8.8ms
[2021-09-05T18:41:08.550+0530][gc,phases     ] GC(7)   Post Evacuate Collection Set: 0.8ms
[2021-09-05T18:41:08.550+0530][gc,phases     ] GC(7)   Other: 0.3ms
[2021-09-05T18:41:08.550+0530][gc,heap       ] GC(7) Eden regions: 46->0(46)
[2021-09-05T18:41:08.550+0530][gc,heap       ] GC(7) Survivor regions: 5->5(7)
[2021-09-05T18:41:08.550+0530][gc,heap       ] GC(7) Old regions: 13->15
[2021-09-05T18:41:08.550+0530][gc,heap       ] GC(7) Humongous regions: 129->129
[2021-09-05T18:41:08.550+0530][gc,metaspace  ] GC(7) Metaspace: 41359K->41359K(1087488K)
[2021-09-05T18:41:08.550+0530][gc            ] GC(7) Pause Young (Normal) (G1 Evacuation Pause) 190M->146M(1024M) 10.139ms
[2021-09-05T18:41:08.550+0530][gc,cpu        ] GC(7) User=0.07s Sys=0.00s Real=0.01s
[2021-09-05T18:50:19.478+0530][gc,start      ] GC(8) Pause Young (Normal) (G1 Evacuation Pause)
[2021-09-05T18:50:19.478+0530][gc,task       ] GC(8) Using 8 workers of 8 for evacuation
[2021-09-05T18:50:19.484+0530][gc,phases     ] GC(8)   Pre Evacuate Collection Set: 0.0ms
[2021-09-05T18:50:19.484+0530][gc,phases     ] GC(8)   Evacuate Collection Set: 5.2ms
[2021-09-05T18:50:19.484+0530][gc,phases     ] GC(8)   Post Evacuate Collection Set: 0.4ms
[2021-09-05T18:50:19.484+0530][gc,phases     ] GC(8)   Other: 0.3ms
[2021-09-05T18:50:19.484+0530][gc,heap       ] GC(8) Eden regions: 46->0(48)
[2021-09-05T18:50:19.484+0530][gc,heap       ] GC(8) Survivor regions: 5->3(7)
[2021-09-05T18:50:19.484+0530][gc,heap       ] GC(8) Old regions: 15->16
[2021-09-05T18:50:19.484+0530][gc,heap       ] GC(8) Humongous regions: 129->129
[2021-09-05T18:50:19.484+0530][gc,metaspace  ] GC(8) Metaspace: 41465K->41465K(1087488K)
[2021-09-05T18:50:19.484+0530][gc            ] GC(8) Pause Young (Normal) (G1 Evacuation Pause) 192M->145M(1024M) 5.924ms
[2021-09-05T18:50:19.484+0530][gc,cpu        ] GC(8) User=0.04s Sys=0.00s Real=0.00s
[2021-09-05T19:00:34.316+0530][gc,start      ] GC(9) Pause Young (Normal) (G1 Evacuation Pause)
[2021-09-05T19:00:34.316+0530][gc,task       ] GC(9) Using 8 workers of 8 for evacuation
[2021-09-05T19:00:34.321+0530][gc,phases     ] GC(9)   Pre Evacuate Collection Set: 0.0ms
[2021-09-05T19:00:34.321+0530][gc,phases     ] GC(9)   Evacuate Collection Set: 3.9ms
[2021-09-05T19:00:34.321+0530][gc,phases     ] GC(9)   Post Evacuate Collection Set: 1.2ms
[2021-09-05T19:00:34.321+0530][gc,phases     ] GC(9)   Other: 0.4ms
[2021-09-05T19:00:34.321+0530][gc,heap       ] GC(9) Eden regions: 48->0(53)
[2021-09-05T19:00:34.321+0530][gc,heap       ] GC(9) Survivor regions: 3->3(7)
[2021-09-05T19:00:34.321+0530][gc,heap       ] GC(9) Old regions: 16->16
[2021-09-05T19:00:34.321+0530][gc,heap       ] GC(9) Humongous regions: 129->129
[2021-09-05T19:00:34.321+0530][gc,metaspace  ] GC(9) Metaspace: 41510K->41510K(1087488K)
[2021-09-05T19:00:34.322+0530][gc            ] GC(9) Pause Young (Normal) (G1 Evacuation Pause) 193M->146M(1024M) 5.623ms
[2021-09-05T19:00:34.322+0530][gc,cpu        ] GC(9) User=0.02s Sys=0.00s Real=0.01s
[2021-09-05T19:11:53.134+0530][gc,start      ] GC(10) Pause Young (Normal) (G1 Evacuation Pause)
[2021-09-05T19:11:53.134+0530][gc,task       ] GC(10) Using 8 workers of 8 for evacuation
[2021-09-05T19:11:53.139+0530][gc,phases     ] GC(10)   Pre Evacuate Collection Set: 0.0ms
[2021-09-05T19:11:53.139+0530][gc,phases     ] GC(10)   Evacuate Collection Set: 3.4ms
[2021-09-05T19:11:53.139+0530][gc,phases     ] GC(10)   Post Evacuate Collection Set: 0.6ms
[2021-09-05T19:11:53.139+0530][gc,phases     ] GC(10)   Other: 0.3ms
[2021-09-05T19:11:53.139+0530][gc,heap       ] GC(10) Eden regions: 53->0(483)
[2021-09-05T19:11:53.139+0530][gc,heap       ] GC(10) Survivor regions: 3->3(7)
[2021-09-05T19:11:53.139+0530][gc,heap       ] GC(10) Old regions: 16->16
[2021-09-05T19:11:53.139+0530][gc,heap       ] GC(10) Humongous regions: 129->129
[2021-09-05T19:11:53.139+0530][gc,metaspace  ] GC(10) Metaspace: 41577K->41577K(1087488K)
[2021-09-05T19:11:53.139+0530][gc            ] GC(10) Pause Young (Normal) (G1 Evacuation Pause) 199M->145M(1024M) 4.508ms
[2021-09-05T19:11:53.139+0530][gc,cpu        ] GC(10) User=0.03s Sys=0.00s Real=0.01s
[2021-09-05T20:47:20.976+0530][gc,start      ] GC(11) Pause Young (Normal) (G1 Evacuation Pause)
[2021-09-05T20:47:20.977+0530][gc,task       ] GC(11) Using 8 workers of 8 for evacuation
[2021-09-05T20:47:20.981+0530][gc,phases     ] GC(11)   Pre Evacuate Collection Set: 0.0ms
[2021-09-05T20:47:20.981+0530][gc,phases     ] GC(11)   Evacuate Collection Set: 3.7ms
[2021-09-05T20:47:20.981+0530][gc,phases     ] GC(11)   Post Evacuate Collection Set: 0.7ms
[2021-09-05T20:47:20.981+0530][gc,phases     ] GC(11)   Other: 0.3ms
[2021-09-05T20:47:20.981+0530][gc,heap       ] GC(11) Eden regions: 483->0(479)
[2021-09-05T20:47:20.981+0530][gc,heap       ] GC(11) Survivor regions: 3->4(61)
[2021-09-05T20:47:20.981+0530][gc,heap       ] GC(11) Old regions: 16->16
[2021-09-05T20:47:20.981+0530][gc,heap       ] GC(11) Humongous regions: 129->129
[2021-09-05T20:47:20.981+0530][gc,metaspace  ] GC(11) Metaspace: 43396K->43396K(1089536K)
[2021-09-05T20:47:20.981+0530][gc            ] GC(11) Pause Young (Normal) (G1 Evacuation Pause) 628M->147M(1024M) 4.772ms
[2021-09-05T20:47:20.981+0530][gc,cpu        ] GC(11) User=0.03s Sys=0.00s Real=0.00s
[2021-09-05T22:32:25.107+0530][gc,start      ] GC(12) Pause Young (Normal) (G1 Evacuation Pause)
[2021-09-05T22:32:25.107+0530][gc,task       ] GC(12) Using 8 workers of 8 for evacuation
[2021-09-05T22:32:25.114+0530][gc,phases     ] GC(12)   Pre Evacuate Collection Set: 0.0ms
[2021-09-05T22:32:25.114+0530][gc,phases     ] GC(12)   Evacuate Collection Set: 5.7ms
[2021-09-05T22:32:25.114+0530][gc,phases     ] GC(12)   Post Evacuate Collection Set: 0.6ms
[2021-09-05T22:32:25.114+0530][gc,phases     ] GC(12)   Other: 0.4ms
[2021-09-05T22:32:25.114+0530][gc,heap       ] GC(12) Eden regions: 479->0(610)
[2021-09-05T22:32:25.114+0530][gc,heap       ] GC(12) Survivor regions: 4->4(61)
[2021-09-05T22:32:25.114+0530][gc,heap       ] GC(12) Old regions: 16->16
[2021-09-05T22:32:25.114+0530][gc,heap       ] GC(12) Humongous regions: 129->129
[2021-09-05T22:32:25.114+0530][gc,metaspace  ] GC(12) Metaspace: 43716K->43716K(1089536K)
[2021-09-05T22:32:25.114+0530][gc            ] GC(12) Pause Young (Normal) (G1 Evacuation Pause) 626M->147M(1024M) 6.743ms
[2021-09-05T22:32:25.114+0530][gc,cpu        ] GC(12) User=0.04s Sys=0.00s Real=0.00s
[2021-09-06T00:24:24.584+0530][gc,start      ] GC(13) Pause Young (Normal) (G1 Evacuation Pause)
[2021-09-06T00:24:24.584+0530][gc,task       ] GC(13) Using 8 workers of 8 for evacuation
[2021-09-06T00:24:24.591+0530][gc,phases     ] GC(13)   Pre Evacuate Collection Set: 0.0ms
[2021-09-06T00:24:24.591+0530][gc,phases     ] GC(13)   Evacuate Collection Set: 5.3ms
[2021-09-06T00:24:24.591+0530][gc,phases     ] GC(13)   Post Evacuate Collection Set: 0.8ms
[2021-09-06T00:24:24.591+0530][gc,phases     ] GC(13)   Other: 0.5ms
[2021-09-06T00:24:24.591+0530][gc,heap       ] GC(13) Eden regions: 610->0(610)
[2021-09-06T00:24:24.591+0530][gc,heap       ] GC(13) Survivor regions: 4->4(77)
[2021-09-06T00:24:24.591+0530][gc,heap       ] GC(13) Old regions: 16->16
[2021-09-06T00:24:24.591+0530][gc,heap       ] GC(13) Humongous regions: 129->129
[2021-09-06T00:24:24.591+0530][gc,metaspace  ] GC(13) Metaspace: 43783K->43783K(1089536K)
[2021-09-06T00:24:24.591+0530][gc            ] GC(13) Pause Young (Normal) (G1 Evacuation Pause) 757M->147M(1024M) 6.663ms
[2021-09-06T00:24:24.591+0530][gc,cpu        ] GC(13) User=0.04s Sys=0.00s Real=0.01s
[2021-09-06T02:39:30.460+0530][gc,start      ] GC(14) Pause Young (Normal) (G1 Evacuation Pause)
[2021-09-06T02:39:30.460+0530][gc,task       ] GC(14) Using 8 workers of 8 for evacuation
[2021-09-06T02:39:30.470+0530][gc,phases     ] GC(14)   Pre Evacuate Collection Set: 0.3ms
[2021-09-06T02:39:30.470+0530][gc,phases     ] GC(14)   Evacuate Collection Set: 7.2ms
[2021-09-06T02:39:30.470+0530][gc,phases     ] GC(14)   Post Evacuate Collection Set: 2.6ms
[2021-09-06T02:39:30.470+0530][gc,phases     ] GC(14)   Other: 0.4ms
[2021-09-06T02:39:30.470+0530][gc,heap       ] GC(14) Eden regions: 610->0(609)
[2021-09-06T02:39:30.470+0530][gc,heap       ] GC(14) Survivor regions: 4->5(77)
[2021-09-06T02:39:30.470+0530][gc,heap       ] GC(14) Old regions: 16->16
[2021-09-06T02:39:30.470+0530][gc,heap       ] GC(14) Humongous regions: 129->129
[2021-09-06T02:39:30.470+0530][gc,metaspace  ] GC(14) Metaspace: 44037K->44037K(1089536K)
[2021-09-06T02:39:30.470+0530][gc            ] GC(14) Pause Young (Normal) (G1 Evacuation Pause) 757M->148M(1024M) 10.729ms
[2021-09-06T02:39:30.470+0530][gc,cpu        ] GC(14) User=0.06s Sys=0.00s Real=0.01s
