[2021-09-05T11:55:21.997+0530][gc,heap] Heap region size: 1M
[2021-09-05T11:55:22.012+0530][gc     ] Using G1
[2021-09-05T11:55:22.012+0530][gc,heap,coops] Heap address: 0x00000000c0000000, size: 1024 MB, Compressed Oops mode: 32-bit
[2021-09-05T11:55:22.012+0530][gc,cds       ] Mark closed archive regions in map: [0x00000000fff00000, 0x00000000fff6aff8]
[2021-09-05T11:55:22.012+0530][gc,cds       ] Mark open archive regions in map: [0x00000000ffe00000, 0x00000000ffe46ff8]
[2021-09-05T11:55:22.750+0530][gc,start     ] GC(0) Pause Young (Normal) (G1 Evacuation Pause)
[2021-09-05T11:55:22.751+0530][gc,task      ] GC(0) Using 8 workers of 8 for evacuation
[2021-09-05T11:55:22.757+0530][gc,phases    ] GC(0)   Pre Evacuate Collection Set: 0.0ms
[2021-09-05T11:55:22.757+0530][gc,phases    ] GC(0)   Evacuate Collection Set: 6.1ms
[2021-09-05T11:55:22.757+0530][gc,phases    ] GC(0)   Post Evacuate Collection Set: 0.5ms
[2021-09-05T11:55:22.757+0530][gc,phases    ] GC(0)   Other: 0.7ms
[2021-09-05T11:55:22.757+0530][gc,heap      ] GC(0) Eden regions: 51->0(44)
[2021-09-05T11:55:22.757+0530][gc,heap      ] GC(0) Survivor regions: 0->7(7)
[2021-09-05T11:55:22.757+0530][gc,heap      ] GC(0) Old regions: 2->2
[2021-09-05T11:55:22.757+0530][gc,heap      ] GC(0) Humongous regions: 0->0
[2021-09-05T11:55:22.757+0530][gc,metaspace ] GC(0) Metaspace: 15782K->15782K(1062912K)
[2021-09-05T11:55:22.757+0530][gc           ] GC(0) Pause Young (Normal) (G1 Evacuation Pause) 51M->7M(1024M) 7.369ms
[2021-09-05T11:55:22.757+0530][gc,cpu       ] GC(0) User=0.04s Sys=0.00s Real=0.00s
[2021-09-05T11:55:22.959+0530][gc,start     ] GC(1) Pause Young (Concurrent Start) (Metadata GC Threshold)
[2021-09-05T11:55:22.959+0530][gc,task      ] GC(1) Using 8 workers of 8 for evacuation
[2021-09-05T11:55:22.966+0530][gc,phases    ] GC(1)   Pre Evacuate Collection Set: 0.1ms
[2021-09-05T11:55:22.966+0530][gc,phases    ] GC(1)   Evacuate Collection Set: 5.9ms
[2021-09-05T11:55:22.966+0530][gc,phases    ] GC(1)   Post Evacuate Collection Set: 0.3ms
[2021-09-05T11:55:22.966+0530][gc,phases    ] GC(1)   Other: 0.2ms
[2021-09-05T11:55:22.966+0530][gc,heap      ] GC(1) Eden regions: 20->0(49)
[2021-09-05T11:55:22.966+0530][gc,heap      ] GC(1) Survivor regions: 7->2(7)
[2021-09-05T11:55:22.966+0530][gc,heap      ] GC(1) Old regions: 2->9
[2021-09-05T11:55:22.966+0530][gc,heap      ] GC(1) Humongous regions: 0->0
[2021-09-05T11:55:22.966+0530][gc,metaspace ] GC(1) Metaspace: 20604K->20604K(1067008K)
[2021-09-05T11:55:22.966+0530][gc           ] GC(1) Pause Young (Concurrent Start) (Metadata GC Threshold) 26M->8M(1024M) 6.556ms
[2021-09-05T11:55:22.966+0530][gc,cpu       ] GC(1) User=0.03s Sys=0.00s Real=0.01s
[2021-09-05T11:55:22.966+0530][gc           ] GC(2) Concurrent Cycle
[2021-09-05T11:55:22.966+0530][gc,marking   ] GC(2) Concurrent Clear Claimed Marks
[2021-09-05T11:55:22.966+0530][gc,marking   ] GC(2) Concurrent Clear Claimed Marks 0.017ms
[2021-09-05T11:55:22.966+0530][gc,marking   ] GC(2) Concurrent Scan Root Regions
[2021-09-05T11:55:22.966+0530][gc,marking   ] GC(2) Concurrent Scan Root Regions 0.687ms
[2021-09-05T11:55:22.966+0530][gc,marking   ] GC(2) Concurrent Mark (0.991s)
[2021-09-05T11:55:22.966+0530][gc,marking   ] GC(2) Concurrent Mark From Roots
[2021-09-05T11:55:22.966+0530][gc,task      ] GC(2) Using 2 workers of 2 for marking
[2021-09-05T11:55:22.972+0530][gc,marking   ] GC(2) Concurrent Mark From Roots 5.113ms
[2021-09-05T11:55:22.972+0530][gc,marking   ] GC(2) Concurrent Preclean
[2021-09-05T11:55:22.972+0530][gc,marking   ] GC(2) Concurrent Preclean 0.068ms
[2021-09-05T11:55:22.972+0530][gc,marking   ] GC(2) Concurrent Mark (0.991s, 0.996s) 5.225ms
[2021-09-05T11:55:22.972+0530][gc,start     ] GC(2) Pause Remark
[2021-09-05T11:55:22.974+0530][gc,stringtable] GC(2) Cleaned string and symbol table, strings: 5109 processed, 0 removed, symbols: 50716 processed, 59 removed
[2021-09-05T11:55:22.974+0530][gc            ] GC(2) Pause Remark 9M->9M(1024M) 2.085ms
[2021-09-05T11:55:22.974+0530][gc,cpu        ] GC(2) User=0.01s Sys=0.00s Real=0.00s
[2021-09-05T11:55:22.974+0530][gc,marking    ] GC(2) Concurrent Rebuild Remembered Sets
[2021-09-05T11:55:22.979+0530][gc,marking    ] GC(2) Concurrent Rebuild Remembered Sets 4.656ms
[2021-09-05T11:55:22.979+0530][gc,start      ] GC(2) Pause Cleanup
[2021-09-05T11:55:22.979+0530][gc            ] GC(2) Pause Cleanup 9M->9M(1024M) 0.158ms
[2021-09-05T11:55:22.979+0530][gc,cpu        ] GC(2) User=0.00s Sys=0.00s Real=0.00s
[2021-09-05T11:55:22.979+0530][gc,marking    ] GC(2) Concurrent Cleanup for Next Mark
[2021-09-05T11:55:22.982+0530][gc,marking    ] GC(2) Concurrent Cleanup for Next Mark 2.911ms
[2021-09-05T11:55:22.982+0530][gc            ] GC(2) Concurrent Cycle 16.192ms
[2021-09-05T11:55:23.421+0530][gc,start      ] GC(3) Pause Young (Normal) (G1 Evacuation Pause)
[2021-09-05T11:55:23.421+0530][gc,task       ] GC(3) Using 8 workers of 8 for evacuation
[2021-09-05T11:55:23.426+0530][gc,phases     ] GC(3)   Pre Evacuate Collection Set: 0.0ms
[2021-09-05T11:55:23.426+0530][gc,phases     ] GC(3)   Evacuate Collection Set: 3.7ms
[2021-09-05T11:55:23.426+0530][gc,phases     ] GC(3)   Post Evacuate Collection Set: 0.4ms
[2021-09-05T11:55:23.426+0530][gc,phases     ] GC(3)   Other: 0.1ms
[2021-09-05T11:55:23.426+0530][gc,heap       ] GC(3) Eden regions: 49->0(46)
[2021-09-05T11:55:23.426+0530][gc,heap       ] GC(3) Survivor regions: 2->5(7)
[2021-09-05T11:55:23.426+0530][gc,heap       ] GC(3) Old regions: 9->9
[2021-09-05T11:55:23.426+0530][gc,heap       ] GC(3) Humongous regions: 129->129
[2021-09-05T11:55:23.426+0530][gc,metaspace  ] GC(3) Metaspace: 29544K->29544K(1075200K)
[2021-09-05T11:55:23.426+0530][gc            ] GC(3) Pause Young (Normal) (G1 Evacuation Pause) 186M->140M(1024M) 4.326ms
[2021-09-05T11:55:23.426+0530][gc,cpu        ] GC(3) User=0.03s Sys=0.00s Real=0.00s
[2021-09-05T11:55:23.596+0530][gc,start      ] GC(4) Pause Young (Concurrent Start) (Metadata GC Threshold)
[2021-09-05T11:55:23.596+0530][gc,task       ] GC(4) Using 8 workers of 8 for evacuation
[2021-09-05T11:55:23.601+0530][gc,phases     ] GC(4)   Pre Evacuate Collection Set: 0.1ms
[2021-09-05T11:55:23.601+0530][gc,phases     ] GC(4)   Evacuate Collection Set: 4.3ms
[2021-09-05T11:55:23.601+0530][gc,phases     ] GC(4)   Post Evacuate Collection Set: 0.3ms
[2021-09-05T11:55:23.601+0530][gc,phases     ] GC(4)   Other: 0.2ms
[2021-09-05T11:55:23.601+0530][gc,heap       ] GC(4) Eden regions: 22->0(49)
[2021-09-05T11:55:23.601+0530][gc,heap       ] GC(4) Survivor regions: 5->2(7)
[2021-09-05T11:55:23.601+0530][gc,heap       ] GC(4) Old regions: 9->13
[2021-09-05T11:55:23.601+0530][gc,heap       ] GC(4) Humongous regions: 129->129
[2021-09-05T11:55:23.601+0530][gc,metaspace  ] GC(4) Metaspace: 34595K->34595K(1081344K)
[2021-09-05T11:55:23.601+0530][gc            ] GC(4) Pause Young (Concurrent Start) (Metadata GC Threshold) 162M->142M(1024M) 4.980ms
[2021-09-05T11:55:23.601+0530][gc,cpu        ] GC(4) User=0.03s Sys=0.01s Real=0.00s
[2021-09-05T11:55:23.601+0530][gc            ] GC(5) Concurrent Cycle
[2021-09-05T11:55:23.601+0530][gc,marking    ] GC(5) Concurrent Clear Claimed Marks
[2021-09-05T11:55:23.601+0530][gc,marking    ] GC(5) Concurrent Clear Claimed Marks 0.091ms
[2021-09-05T11:55:23.601+0530][gc,marking    ] GC(5) Concurrent Scan Root Regions
[2021-09-05T11:55:23.602+0530][gc,marking    ] GC(5) Concurrent Scan Root Regions 1.529ms
[2021-09-05T11:55:23.602+0530][gc,marking    ] GC(5) Concurrent Mark (1.626s)
[2021-09-05T11:55:23.602+0530][gc,marking    ] GC(5) Concurrent Mark From Roots
[2021-09-05T11:55:23.602+0530][gc,task       ] GC(5) Using 2 workers of 2 for marking
[2021-09-05T11:55:23.614+0530][gc,marking    ] GC(5) Concurrent Mark From Roots 12.075ms
[2021-09-05T11:55:23.614+0530][gc,marking    ] GC(5) Concurrent Preclean
[2021-09-05T11:55:23.615+0530][gc,marking    ] GC(5) Concurrent Preclean 0.118ms
[2021-09-05T11:55:23.615+0530][gc,marking    ] GC(5) Concurrent Mark (1.626s, 1.639s) 12.251ms
[2021-09-05T11:55:23.615+0530][gc,start      ] GC(5) Pause Remark
[2021-09-05T11:55:23.620+0530][gc,stringtable] GC(5) Cleaned string and symbol table, strings: 10934 processed, 13 removed, symbols: 82778 processed, 18 removed
[2021-09-05T11:55:23.620+0530][gc            ] GC(5) Pause Remark 145M->145M(1024M) 5.631ms
[2021-09-05T11:55:23.620+0530][gc,cpu        ] GC(5) User=0.03s Sys=0.00s Real=0.00s
[2021-09-05T11:55:23.620+0530][gc,marking    ] GC(5) Concurrent Rebuild Remembered Sets
[2021-09-05T11:55:23.627+0530][gc,marking    ] GC(5) Concurrent Rebuild Remembered Sets 7.074ms
[2021-09-05T11:55:23.628+0530][gc,start      ] GC(5) Pause Cleanup
[2021-09-05T11:55:23.628+0530][gc            ] GC(5) Pause Cleanup 145M->145M(1024M) 0.125ms
[2021-09-05T11:55:23.628+0530][gc,cpu        ] GC(5) User=0.00s Sys=0.00s Real=0.00s
[2021-09-05T11:55:23.628+0530][gc,marking    ] GC(5) Concurrent Cleanup for Next Mark
[2021-09-05T11:55:23.631+0530][gc,marking    ] GC(5) Concurrent Cleanup for Next Mark 3.444ms
[2021-09-05T11:55:23.631+0530][gc            ] GC(5) Concurrent Cycle 30.610ms
[2021-09-05T12:10:25.022+0530][gc,start      ] GC(6) Pause Young (Concurrent Start) (G1 Evacuation Pause)
[2021-09-05T12:10:25.022+0530][gc,task       ] GC(6) Using 8 workers of 8 for evacuation
[2021-09-05T12:10:25.028+0530][gc,phases     ] GC(6)   Pre Evacuate Collection Set: 0.3ms
[2021-09-05T12:10:25.028+0530][gc,phases     ] GC(6)   Evacuate Collection Set: 4.9ms
[2021-09-05T12:10:25.028+0530][gc,phases     ] GC(6)   Post Evacuate Collection Set: 0.5ms
[2021-09-05T12:10:25.028+0530][gc,phases     ] GC(6)   Other: 0.3ms
[2021-09-05T12:10:25.028+0530][gc,heap       ] GC(6) Eden regions: 49->0(47)
[2021-09-05T12:10:25.028+0530][gc,heap       ] GC(6) Survivor regions: 2->4(7)
[2021-09-05T12:10:25.028+0530][gc,heap       ] GC(6) Old regions: 13->13
[2021-09-05T12:10:25.028+0530][gc,heap       ] GC(6) Humongous regions: 129->129
[2021-09-05T12:10:25.028+0530][gc,metaspace  ] GC(6) Metaspace: 40762K->40762K(1085440K)
[2021-09-05T12:10:25.028+0530][gc            ] GC(6) Pause Young (Concurrent Start) (G1 Evacuation Pause) 191M->144M(1024M) 5.994ms
[2021-09-05T12:10:25.028+0530][gc,cpu        ] GC(6) User=0.03s Sys=0.00s Real=0.00s
[2021-09-05T12:10:25.028+0530][gc            ] GC(7) Concurrent Cycle
[2021-09-05T12:10:25.028+0530][gc,marking    ] GC(7) Concurrent Clear Claimed Marks
[2021-09-05T12:10:25.028+0530][gc,marking    ] GC(7) Concurrent Clear Claimed Marks 0.102ms
[2021-09-05T12:10:25.028+0530][gc,marking    ] GC(7) Concurrent Scan Root Regions
[2021-09-05T12:10:25.030+0530][gc,marking    ] GC(7) Concurrent Scan Root Regions 2.049ms
[2021-09-05T12:10:25.030+0530][gc,marking    ] GC(7) Concurrent Mark (903.055s)
[2021-09-05T12:10:25.030+0530][gc,marking    ] GC(7) Concurrent Mark From Roots
[2021-09-05T12:10:25.030+0530][gc,task       ] GC(7) Using 2 workers of 2 for marking
[2021-09-05T12:10:25.038+0530][gc,marking    ] GC(7) Concurrent Mark From Roots 7.150ms
[2021-09-05T12:10:25.038+0530][gc,marking    ] GC(7) Concurrent Preclean
[2021-09-05T12:10:25.038+0530][gc,marking    ] GC(7) Concurrent Preclean 0.213ms
[2021-09-05T12:10:25.038+0530][gc,marking    ] GC(7) Concurrent Mark (903.055s, 903.062s) 7.415ms
[2021-09-05T12:10:25.038+0530][gc,start      ] GC(7) Pause Remark
[2021-09-05T12:10:25.050+0530][gc,stringtable] GC(7) Cleaned string and symbol table, strings: 12295 processed, 344 removed, symbols: 88690 processed, 6 removed
[2021-09-05T12:10:25.050+0530][gc            ] GC(7) Pause Remark 144M->144M(1024M) 12.446ms
[2021-09-05T12:10:25.050+0530][gc,cpu        ] GC(7) User=0.08s Sys=0.00s Real=0.02s
[2021-09-05T12:10:25.050+0530][gc,marking    ] GC(7) Concurrent Rebuild Remembered Sets
[2021-09-05T12:10:25.054+0530][gc,marking    ] GC(7) Concurrent Rebuild Remembered Sets 3.936ms
[2021-09-05T12:10:25.055+0530][gc,start      ] GC(7) Pause Cleanup
[2021-09-05T12:10:25.055+0530][gc            ] GC(7) Pause Cleanup 145M->145M(1024M) 0.149ms
[2021-09-05T12:10:25.055+0530][gc,cpu        ] GC(7) User=0.00s Sys=0.00s Real=0.00s
[2021-09-05T12:10:25.055+0530][gc,marking    ] GC(7) Concurrent Cleanup for Next Mark
[2021-09-05T12:10:25.056+0530][gc,marking    ] GC(7) Concurrent Cleanup for Next Mark 1.345ms
[2021-09-05T12:10:25.056+0530][gc            ] GC(7) Concurrent Cycle 28.068ms
[2021-09-05T12:22:52.146+0530][gc,start      ] GC(8) Pause Young (Normal) (G1 Evacuation Pause)
[2021-09-05T12:22:52.146+0530][gc,task       ] GC(8) Using 8 workers of 8 for evacuation
[2021-09-05T12:22:52.156+0530][gc,phases     ] GC(8)   Pre Evacuate Collection Set: 0.0ms
[2021-09-05T12:22:52.156+0530][gc,phases     ] GC(8)   Evacuate Collection Set: 9.2ms
[2021-09-05T12:22:52.156+0530][gc,phases     ] GC(8)   Post Evacuate Collection Set: 1.0ms
[2021-09-05T12:22:52.156+0530][gc,phases     ] GC(8)   Other: 0.3ms
[2021-09-05T12:22:52.156+0530][gc,heap       ] GC(8) Eden regions: 47->0(45)
[2021-09-05T12:22:52.156+0530][gc,heap       ] GC(8) Survivor regions: 4->6(7)
[2021-09-05T12:22:52.156+0530][gc,heap       ] GC(8) Old regions: 13->15
[2021-09-05T12:22:52.156+0530][gc,heap       ] GC(8) Humongous regions: 129->129
[2021-09-05T12:22:52.156+0530][gc,metaspace  ] GC(8) Metaspace: 42677K->42677K(1087488K)
[2021-09-05T12:22:52.156+0530][gc            ] GC(8) Pause Young (Normal) (G1 Evacuation Pause) 191M->147M(1024M) 10.635ms
[2021-09-05T12:22:52.157+0530][gc,cpu        ] GC(8) User=0.07s Sys=0.00s Real=0.01s
[2021-09-05T12:37:02.893+0530][gc,start      ] GC(9) Pause Young (Normal) (G1 Evacuation Pause)
[2021-09-05T12:37:02.893+0530][gc,task       ] GC(9) Using 8 workers of 8 for evacuation
[2021-09-05T12:37:02.901+0530][gc,phases     ] GC(9)   Pre Evacuate Collection Set: 0.0ms
[2021-09-05T12:37:02.901+0530][gc,phases     ] GC(9)   Evacuate Collection Set: 7.0ms
[2021-09-05T12:37:02.901+0530][gc,phases     ] GC(9)   Post Evacuate Collection Set: 0.8ms
[2021-09-05T12:37:02.901+0530][gc,phases     ] GC(9)   Other: 0.4ms
[2021-09-05T12:37:02.901+0530][gc,heap       ] GC(9) Eden regions: 45->0(47)
[2021-09-05T12:37:02.901+0530][gc,heap       ] GC(9) Survivor regions: 6->4(7)
[2021-09-05T12:37:02.901+0530][gc,heap       ] GC(9) Old regions: 15->17
[2021-09-05T12:37:02.901+0530][gc,heap       ] GC(9) Humongous regions: 129->129
[2021-09-05T12:37:02.901+0530][gc,metaspace  ] GC(9) Metaspace: 42790K->42790K(1087488K)
[2021-09-05T12:37:02.901+0530][gc            ] GC(9) Pause Young (Normal) (G1 Evacuation Pause) 192M->147M(1024M) 8.424ms
[2021-09-05T12:37:02.901+0530][gc,cpu        ] GC(9) User=0.05s Sys=0.00s Real=0.01s
[2021-09-05T13:01:23.180+0530][gc,start      ] GC(10) Pause Young (Normal) (G1 Evacuation Pause)
[2021-09-05T13:01:23.180+0530][gc,task       ] GC(10) Using 8 workers of 8 for evacuation
[2021-09-05T13:01:23.187+0530][gc,phases     ] GC(10)   Pre Evacuate Collection Set: 0.0ms
[2021-09-05T13:01:23.188+0530][gc,phases     ] GC(10)   Evacuate Collection Set: 5.5ms
[2021-09-05T13:01:23.188+0530][gc,phases     ] GC(10)   Post Evacuate Collection Set: 1.5ms
[2021-09-05T13:01:23.188+0530][gc,phases     ] GC(10)   Other: 0.3ms
[2021-09-05T13:01:23.188+0530][gc,heap       ] GC(10) Eden regions: 47->0(48)
[2021-09-05T13:01:23.188+0530][gc,heap       ] GC(10) Survivor regions: 4->3(7)
[2021-09-05T13:01:23.188+0530][gc,heap       ] GC(10) Old regions: 17->17
[2021-09-05T13:01:23.188+0530][gc,heap       ] GC(10) Humongous regions: 129->129
[2021-09-05T13:01:23.188+0530][gc,metaspace  ] GC(10) Metaspace: 43329K->43329K(1087488K)
[2021-09-05T13:01:23.188+0530][gc            ] GC(10) Pause Young (Normal) (G1 Evacuation Pause) 194M->147M(1024M) 7.420ms
[2021-09-05T13:01:23.188+0530][gc,cpu        ] GC(10) User=0.04s Sys=0.00s Real=0.01s
[2021-09-05T13:29:08.452+0530][gc,start      ] GC(11) Pause Young (Normal) (G1 Evacuation Pause)
[2021-09-05T13:29:08.452+0530][gc,task       ] GC(11) Using 8 workers of 8 for evacuation
[2021-09-05T13:29:08.458+0530][gc,phases     ] GC(11)   Pre Evacuate Collection Set: 0.1ms
[2021-09-05T13:29:08.458+0530][gc,phases     ] GC(11)   Evacuate Collection Set: 4.6ms
[2021-09-05T13:29:08.458+0530][gc,phases     ] GC(11)   Post Evacuate Collection Set: 0.8ms
[2021-09-05T13:29:08.458+0530][gc,phases     ] GC(11)   Other: 0.4ms
[2021-09-05T13:29:08.458+0530][gc,heap       ] GC(11) Eden regions: 48->0(53)
[2021-09-05T13:29:08.458+0530][gc,heap       ] GC(11) Survivor regions: 3->3(7)
[2021-09-05T13:29:08.458+0530][gc,heap       ] GC(11) Old regions: 17->17
[2021-09-05T13:29:08.458+0530][gc,heap       ] GC(11) Humongous regions: 129->129
[2021-09-05T13:29:08.458+0530][gc,metaspace  ] GC(11) Metaspace: 43381K->43381K(1089536K)
[2021-09-05T13:29:08.458+0530][gc            ] GC(11) Pause Young (Normal) (G1 Evacuation Pause) 195M->147M(1024M) 5.962ms
[2021-09-05T13:29:08.458+0530][gc,cpu        ] GC(11) User=0.04s Sys=0.00s Real=0.00s
