[2021-09-05T18:23:43.501+0530][gc,heap] Heap region size: 1M
[2021-09-05T18:23:43.516+0530][gc     ] Using G1
[2021-09-05T18:23:43.516+0530][gc,heap,coops] Heap address: 0x00000000c0000000, size: 1024 MB, Compressed Oops mode: 32-bit
[2021-09-05T18:23:43.517+0530][gc,cds       ] Mark closed archive regions in map: [0x00000000fff00000, 0x00000000fff6aff8]
[2021-09-05T18:23:43.517+0530][gc,cds       ] Mark open archive regions in map: [0x00000000ffe00000, 0x00000000ffe46ff8]
[2021-09-05T18:23:44.395+0530][gc,start     ] GC(0) Pause Young (Normal) (G1 Evacuation Pause)
[2021-09-05T18:23:44.395+0530][gc,task      ] GC(0) Using 8 workers of 8 for evacuation
[2021-09-05T18:23:44.404+0530][gc,phases    ] GC(0)   Pre Evacuate Collection Set: 0.0ms
[2021-09-05T18:23:44.404+0530][gc,phases    ] GC(0)   Evacuate Collection Set: 7.8ms
[2021-09-05T18:23:44.404+0530][gc,phases    ] GC(0)   Post Evacuate Collection Set: 0.5ms
[2021-09-05T18:23:44.404+0530][gc,phases    ] GC(0)   Other: 0.8ms
[2021-09-05T18:23:44.404+0530][gc,heap      ] GC(0) Eden regions: 51->0(44)
[2021-09-05T18:23:44.404+0530][gc,heap      ] GC(0) Survivor regions: 0->7(7)
[2021-09-05T18:23:44.404+0530][gc,heap      ] GC(0) Old regions: 2->2
[2021-09-05T18:23:44.404+0530][gc,heap      ] GC(0) Humongous regions: 0->0
[2021-09-05T18:23:44.404+0530][gc,metaspace ] GC(0) Metaspace: 15889K->15889K(1062912K)
[2021-09-05T18:23:44.404+0530][gc           ] GC(0) Pause Young (Normal) (G1 Evacuation Pause) 51M->7M(1024M) 9.220ms
[2021-09-05T18:23:44.404+0530][gc,cpu       ] GC(0) User=0.07s Sys=0.00s Real=0.01s
[2021-09-05T18:23:44.642+0530][gc,start     ] GC(1) Pause Young (Concurrent Start) (Metadata GC Threshold)
[2021-09-05T18:23:44.642+0530][gc,task      ] GC(1) Using 8 workers of 8 for evacuation
[2021-09-05T18:23:44.650+0530][gc,phases    ] GC(1)   Pre Evacuate Collection Set: 0.1ms
[2021-09-05T18:23:44.650+0530][gc,phases    ] GC(1)   Evacuate Collection Set: 6.8ms
[2021-09-05T18:23:44.650+0530][gc,phases    ] GC(1)   Post Evacuate Collection Set: 0.4ms
[2021-09-05T18:23:44.650+0530][gc,phases    ] GC(1)   Other: 0.4ms
[2021-09-05T18:23:44.650+0530][gc,heap      ] GC(1) Eden regions: 19->0(50)
[2021-09-05T18:23:44.650+0530][gc,heap      ] GC(1) Survivor regions: 7->1(7)
[2021-09-05T18:23:44.650+0530][gc,heap      ] GC(1) Old regions: 2->9
[2021-09-05T18:23:44.650+0530][gc,heap      ] GC(1) Humongous regions: 0->0
[2021-09-05T18:23:44.650+0530][gc,metaspace ] GC(1) Metaspace: 20520K->20520K(1067008K)
[2021-09-05T18:23:44.650+0530][gc           ] GC(1) Pause Young (Concurrent Start) (Metadata GC Threshold) 25M->8M(1024M) 7.772ms
[2021-09-05T18:23:44.650+0530][gc,cpu       ] GC(1) User=0.04s Sys=0.00s Real=0.01s
[2021-09-05T18:23:44.650+0530][gc           ] GC(2) Concurrent Cycle
[2021-09-05T18:23:44.650+0530][gc,marking   ] GC(2) Concurrent Clear Claimed Marks
[2021-09-05T18:23:44.650+0530][gc,marking   ] GC(2) Concurrent Clear Claimed Marks 0.049ms
[2021-09-05T18:23:44.650+0530][gc,marking   ] GC(2) Concurrent Scan Root Regions
[2021-09-05T18:23:44.651+0530][gc,marking   ] GC(2) Concurrent Scan Root Regions 0.658ms
[2021-09-05T18:23:44.651+0530][gc,marking   ] GC(2) Concurrent Mark (1.173s)
[2021-09-05T18:23:44.651+0530][gc,marking   ] GC(2) Concurrent Mark From Roots
[2021-09-05T18:23:44.651+0530][gc,task      ] GC(2) Using 2 workers of 2 for marking
[2021-09-05T18:23:44.656+0530][gc,marking   ] GC(2) Concurrent Mark From Roots 4.954ms
[2021-09-05T18:23:44.656+0530][gc,marking   ] GC(2) Concurrent Preclean
[2021-09-05T18:23:44.656+0530][gc,marking   ] GC(2) Concurrent Preclean 0.101ms
[2021-09-05T18:23:44.656+0530][gc,marking   ] GC(2) Concurrent Mark (1.173s, 1.178s) 5.105ms
[2021-09-05T18:23:44.656+0530][gc,start     ] GC(2) Pause Remark
[2021-09-05T18:23:44.658+0530][gc,stringtable] GC(2) Cleaned string and symbol table, strings: 5069 processed, 0 removed, symbols: 50240 processed, 58 removed
[2021-09-05T18:23:44.659+0530][gc            ] GC(2) Pause Remark 8M->8M(1024M) 2.499ms
[2021-09-05T18:23:44.659+0530][gc,cpu        ] GC(2) User=0.02s Sys=0.00s Real=0.01s
[2021-09-05T18:23:44.659+0530][gc,marking    ] GC(2) Concurrent Rebuild Remembered Sets
[2021-09-05T18:23:44.662+0530][gc,marking    ] GC(2) Concurrent Rebuild Remembered Sets 2.869ms
[2021-09-05T18:23:44.662+0530][gc,start      ] GC(2) Pause Cleanup
[2021-09-05T18:23:44.662+0530][gc            ] GC(2) Pause Cleanup 8M->8M(1024M) 0.248ms
[2021-09-05T18:23:44.662+0530][gc,cpu        ] GC(2) User=0.00s Sys=0.00s Real=0.00s
[2021-09-05T18:23:44.662+0530][gc,marking    ] GC(2) Concurrent Cleanup for Next Mark
[2021-09-05T18:23:44.666+0530][gc,marking    ] GC(2) Concurrent Cleanup for Next Mark 4.000ms
[2021-09-05T18:23:44.666+0530][gc            ] GC(2) Concurrent Cycle 16.092ms
[2021-09-05T18:23:45.269+0530][gc,start      ] GC(3) Pause Young (Normal) (G1 Evacuation Pause)
[2021-09-05T18:23:45.269+0530][gc,task       ] GC(3) Using 8 workers of 8 for evacuation
[2021-09-05T18:23:45.273+0530][gc,phases     ] GC(3)   Pre Evacuate Collection Set: 0.0ms
[2021-09-05T18:23:45.273+0530][gc,phases     ] GC(3)   Evacuate Collection Set: 3.9ms
[2021-09-05T18:23:45.273+0530][gc,phases     ] GC(3)   Post Evacuate Collection Set: 0.5ms
[2021-09-05T18:23:45.273+0530][gc,phases     ] GC(3)   Other: 0.2ms
[2021-09-05T18:23:45.273+0530][gc,heap       ] GC(3) Eden regions: 50->0(46)
[2021-09-05T18:23:45.273+0530][gc,heap       ] GC(3) Survivor regions: 1->5(7)
[2021-09-05T18:23:45.273+0530][gc,heap       ] GC(3) Old regions: 9->9
[2021-09-05T18:23:45.273+0530][gc,heap       ] GC(3) Humongous regions: 129->129
[2021-09-05T18:23:45.273+0530][gc,metaspace  ] GC(3) Metaspace: 29815K->29815K(1075200K)
[2021-09-05T18:23:45.273+0530][gc            ] GC(3) Pause Young (Normal) (G1 Evacuation Pause) 187M->141M(1024M) 4.634ms
[2021-09-05T18:23:45.273+0530][gc,cpu        ] GC(3) User=0.03s Sys=0.00s Real=0.00s
[2021-09-05T18:23:45.481+0530][gc,start      ] GC(4) Pause Young (Concurrent Start) (Metadata GC Threshold)
[2021-09-05T18:23:45.481+0530][gc,task       ] GC(4) Using 8 workers of 8 for evacuation
[2021-09-05T18:23:45.490+0530][gc,phases     ] GC(4)   Pre Evacuate Collection Set: 0.2ms
[2021-09-05T18:23:45.490+0530][gc,phases     ] GC(4)   Evacuate Collection Set: 8.4ms
[2021-09-05T18:23:45.490+0530][gc,phases     ] GC(4)   Post Evacuate Collection Set: 0.4ms
[2021-09-05T18:23:45.490+0530][gc,phases     ] GC(4)   Other: 0.3ms
[2021-09-05T18:23:45.490+0530][gc,heap       ] GC(4) Eden regions: 21->0(49)
[2021-09-05T18:23:45.490+0530][gc,heap       ] GC(4) Survivor regions: 5->2(7)
[2021-09-05T18:23:45.490+0530][gc,heap       ] GC(4) Old regions: 9->14
[2021-09-05T18:23:45.490+0530][gc,heap       ] GC(4) Humongous regions: 129->129
[2021-09-05T18:23:45.490+0530][gc,metaspace  ] GC(4) Metaspace: 34520K->34520K(1081344K)
[2021-09-05T18:23:45.490+0530][gc            ] GC(4) Pause Young (Concurrent Start) (Metadata GC Threshold) 161M->142M(1024M) 9.310ms
[2021-09-05T18:23:45.490+0530][gc,cpu        ] GC(4) User=0.04s Sys=0.00s Real=0.01s
[2021-09-05T18:23:45.490+0530][gc            ] GC(5) Concurrent Cycle
[2021-09-05T18:23:45.490+0530][gc,marking    ] GC(5) Concurrent Clear Claimed Marks
[2021-09-05T18:23:45.490+0530][gc,marking    ] GC(5) Concurrent Clear Claimed Marks 0.114ms
[2021-09-05T18:23:45.490+0530][gc,marking    ] GC(5) Concurrent Scan Root Regions
[2021-09-05T18:23:45.492+0530][gc,marking    ] GC(5) Concurrent Scan Root Regions 1.783ms
[2021-09-05T18:23:45.492+0530][gc,marking    ] GC(5) Concurrent Mark (2.014s)
[2021-09-05T18:23:45.492+0530][gc,marking    ] GC(5) Concurrent Mark From Roots
[2021-09-05T18:23:45.492+0530][gc,task       ] GC(5) Using 2 workers of 2 for marking
[2021-09-05T18:23:45.519+0530][gc,marking    ] GC(5) Concurrent Mark From Roots 27.251ms
[2021-09-05T18:23:45.519+0530][gc,marking    ] GC(5) Concurrent Preclean
[2021-09-05T18:23:45.519+0530][gc,marking    ] GC(5) Concurrent Preclean 0.198ms
[2021-09-05T18:23:45.519+0530][gc,marking    ] GC(5) Concurrent Mark (2.014s, 2.042s) 27.525ms
[2021-09-05T18:23:45.520+0530][gc,start      ] GC(5) Pause Remark
[2021-09-05T18:23:45.523+0530][gc,stringtable] GC(5) Cleaned string and symbol table, strings: 11074 processed, 11 removed, symbols: 82855 processed, 19 removed
[2021-09-05T18:23:45.523+0530][gc            ] GC(5) Pause Remark 146M->146M(1024M) 3.359ms
[2021-09-05T18:23:45.523+0530][gc,cpu        ] GC(5) User=0.02s Sys=0.00s Real=0.00s
[2021-09-05T18:23:45.523+0530][gc,marking    ] GC(5) Concurrent Rebuild Remembered Sets
[2021-09-05T18:23:45.534+0530][gc,marking    ] GC(5) Concurrent Rebuild Remembered Sets 11.224ms
[2021-09-05T18:23:45.534+0530][gc,start      ] GC(5) Pause Cleanup
[2021-09-05T18:23:45.535+0530][gc            ] GC(5) Pause Cleanup 146M->146M(1024M) 0.211ms
[2021-09-05T18:23:45.535+0530][gc,cpu        ] GC(5) User=0.00s Sys=0.00s Real=0.00s
[2021-09-05T18:23:45.535+0530][gc,marking    ] GC(5) Concurrent Cleanup for Next Mark
[2021-09-05T18:23:45.539+0530][gc,marking    ] GC(5) Concurrent Cleanup for Next Mark 4.027ms
[2021-09-05T18:23:45.539+0530][gc            ] GC(5) Concurrent Cycle 48.770ms
[2021-09-05T18:32:09.326+0530][gc,start      ] GC(6) Pause Young (Concurrent Start) (G1 Evacuation Pause)
[2021-09-05T18:32:09.326+0530][gc,task       ] GC(6) Using 8 workers of 8 for evacuation
[2021-09-05T18:32:09.333+0530][gc,phases     ] GC(6)   Pre Evacuate Collection Set: 0.3ms
[2021-09-05T18:32:09.333+0530][gc,phases     ] GC(6)   Evacuate Collection Set: 6.7ms
[2021-09-05T18:32:09.333+0530][gc,phases     ] GC(6)   Post Evacuate Collection Set: 0.6ms
[2021-09-05T18:32:09.333+0530][gc,phases     ] GC(6)   Other: 0.3ms
[2021-09-05T18:32:09.333+0530][gc,heap       ] GC(6) Eden regions: 49->0(46)
[2021-09-05T18:32:09.333+0530][gc,heap       ] GC(6) Survivor regions: 2->5(7)
[2021-09-05T18:32:09.333+0530][gc,heap       ] GC(6) Old regions: 14->14
[2021-09-05T18:32:09.333+0530][gc,heap       ] GC(6) Humongous regions: 129->129
[2021-09-05T18:32:09.333+0530][gc,metaspace  ] GC(6) Metaspace: 41077K->41077K(1085440K)
[2021-09-05T18:32:09.333+0530][gc            ] GC(6) Pause Young (Concurrent Start) (G1 Evacuation Pause) 191M->145M(1024M) 7.941ms
[2021-09-05T18:32:09.333+0530][gc,cpu        ] GC(6) User=0.04s Sys=0.00s Real=0.01s
[2021-09-05T18:32:09.334+0530][gc            ] GC(7) Concurrent Cycle
[2021-09-05T18:32:09.334+0530][gc,marking    ] GC(7) Concurrent Clear Claimed Marks
[2021-09-05T18:32:09.334+0530][gc,marking    ] GC(7) Concurrent Clear Claimed Marks 0.212ms
[2021-09-05T18:32:09.334+0530][gc,marking    ] GC(7) Concurrent Scan Root Regions
[2021-09-05T18:32:09.336+0530][gc,marking    ] GC(7) Concurrent Scan Root Regions 1.944ms
[2021-09-05T18:32:09.336+0530][gc,marking    ] GC(7) Concurrent Mark (505.858s)
[2021-09-05T18:32:09.336+0530][gc,marking    ] GC(7) Concurrent Mark From Roots
[2021-09-05T18:32:09.336+0530][gc,task       ] GC(7) Using 2 workers of 2 for marking
[2021-09-05T18:32:09.355+0530][gc,marking    ] GC(7) Concurrent Mark From Roots 19.058ms
[2021-09-05T18:32:09.355+0530][gc,marking    ] GC(7) Concurrent Preclean
[2021-09-05T18:32:09.355+0530][gc,marking    ] GC(7) Concurrent Preclean 0.139ms
[2021-09-05T18:32:09.355+0530][gc,marking    ] GC(7) Concurrent Mark (505.858s, 505.877s) 19.412ms
[2021-09-05T18:32:09.355+0530][gc,start      ] GC(7) Pause Remark
[2021-09-05T18:32:09.362+0530][gc,stringtable] GC(7) Cleaned string and symbol table, strings: 12144 processed, 5 removed, symbols: 88299 processed, 6 removed
[2021-09-05T18:32:09.363+0530][gc            ] GC(7) Pause Remark 146M->146M(1024M) 7.366ms
[2021-09-05T18:32:09.363+0530][gc,cpu        ] GC(7) User=0.04s Sys=0.00s Real=0.01s
[2021-09-05T18:32:09.363+0530][gc,marking    ] GC(7) Concurrent Rebuild Remembered Sets
[2021-09-05T18:32:09.368+0530][gc,marking    ] GC(7) Concurrent Rebuild Remembered Sets 5.623ms
[2021-09-05T18:32:09.369+0530][gc,start      ] GC(7) Pause Cleanup
[2021-09-05T18:32:09.369+0530][gc            ] GC(7) Pause Cleanup 146M->146M(1024M) 0.185ms
[2021-09-05T18:32:09.369+0530][gc,cpu        ] GC(7) User=0.00s Sys=0.00s Real=0.00s
[2021-09-05T18:32:09.369+0530][gc,marking    ] GC(7) Concurrent Cleanup for Next Mark
[2021-09-05T18:32:09.370+0530][gc,marking    ] GC(7) Concurrent Cleanup for Next Mark 1.589ms
[2021-09-05T18:32:09.370+0530][gc            ] GC(7) Concurrent Cycle 36.937ms
[2021-09-05T18:38:16.331+0530][gc,start      ] GC(8) Pause Young (Normal) (G1 Evacuation Pause)
[2021-09-05T18:38:16.331+0530][gc,task       ] GC(8) Using 8 workers of 8 for evacuation
[2021-09-05T18:38:16.338+0530][gc,phases     ] GC(8)   Pre Evacuate Collection Set: 0.0ms
[2021-09-05T18:38:16.338+0530][gc,phases     ] GC(8)   Evacuate Collection Set: 6.1ms
[2021-09-05T18:38:16.338+0530][gc,phases     ] GC(8)   Post Evacuate Collection Set: 0.5ms
[2021-09-05T18:38:16.338+0530][gc,phases     ] GC(8)   Other: 0.3ms
[2021-09-05T18:38:16.338+0530][gc,heap       ] GC(8) Eden regions: 46->0(46)
[2021-09-05T18:38:16.338+0530][gc,heap       ] GC(8) Survivor regions: 5->5(7)
[2021-09-05T18:38:16.338+0530][gc,heap       ] GC(8) Old regions: 14->15
[2021-09-05T18:38:16.338+0530][gc,heap       ] GC(8) Humongous regions: 129->129
[2021-09-05T18:38:16.338+0530][gc,metaspace  ] GC(8) Metaspace: 43293K->43293K(1087488K)
[2021-09-05T18:38:16.338+0530][gc            ] GC(8) Pause Young (Normal) (G1 Evacuation Pause) 191M->146M(1024M) 7.000ms
[2021-09-05T18:38:16.338+0530][gc,cpu        ] GC(8) User=0.05s Sys=0.00s Real=0.01s
[2021-09-05T18:47:00.213+0530][gc,start      ] GC(9) Pause Young (Normal) (G1 Evacuation Pause)
[2021-09-05T18:47:00.213+0530][gc,task       ] GC(9) Using 8 workers of 8 for evacuation
[2021-09-05T18:47:00.218+0530][gc,phases     ] GC(9)   Pre Evacuate Collection Set: 0.0ms
[2021-09-05T18:47:00.218+0530][gc,phases     ] GC(9)   Evacuate Collection Set: 4.3ms
[2021-09-05T18:47:00.218+0530][gc,phases     ] GC(9)   Post Evacuate Collection Set: 0.7ms
[2021-09-05T18:47:00.218+0530][gc,phases     ] GC(9)   Other: 0.3ms
[2021-09-05T18:47:00.218+0530][gc,heap       ] GC(9) Eden regions: 46->0(47)
[2021-09-05T18:47:00.218+0530][gc,heap       ] GC(9) Survivor regions: 5->4(7)
[2021-09-05T18:47:00.218+0530][gc,heap       ] GC(9) Old regions: 15->16
[2021-09-05T18:47:00.218+0530][gc,heap       ] GC(9) Humongous regions: 129->129
[2021-09-05T18:47:00.218+0530][gc,metaspace  ] GC(9) Metaspace: 43485K->43485K(1087488K)
[2021-09-05T18:47:00.218+0530][gc            ] GC(9) Pause Young (Normal) (G1 Evacuation Pause) 192M->146M(1024M) 5.434ms
[2021-09-05T18:47:00.218+0530][gc,cpu        ] GC(9) User=0.02s Sys=0.00s Real=0.01s
[2021-09-05T18:56:30.551+0530][gc,start      ] GC(10) Pause Young (Normal) (G1 Evacuation Pause)
[2021-09-05T18:56:30.551+0530][gc,task       ] GC(10) Using 8 workers of 8 for evacuation
[2021-09-05T18:56:30.558+0530][gc,phases     ] GC(10)   Pre Evacuate Collection Set: 0.0ms
[2021-09-05T18:56:30.558+0530][gc,phases     ] GC(10)   Evacuate Collection Set: 5.1ms
[2021-09-05T18:56:30.558+0530][gc,phases     ] GC(10)   Post Evacuate Collection Set: 1.0ms
[2021-09-05T18:56:30.558+0530][gc,phases     ] GC(10)   Other: 0.3ms
[2021-09-05T18:56:30.558+0530][gc,heap       ] GC(10) Eden regions: 47->0(47)
[2021-09-05T18:56:30.558+0530][gc,heap       ] GC(10) Survivor regions: 4->4(7)
[2021-09-05T18:56:30.558+0530][gc,heap       ] GC(10) Old regions: 16->16
[2021-09-05T18:56:30.558+0530][gc,heap       ] GC(10) Humongous regions: 129->129
[2021-09-05T18:56:30.558+0530][gc,metaspace  ] GC(10) Metaspace: 43550K->43550K(1089536K)
[2021-09-05T18:56:30.558+0530][gc            ] GC(10) Pause Young (Normal) (G1 Evacuation Pause) 193M->147M(1024M) 6.455ms
[2021-09-05T18:56:30.558+0530][gc,cpu        ] GC(10) User=0.04s Sys=0.00s Real=0.01s
[2021-09-05T19:06:14.732+0530][gc,start      ] GC(11) Pause Young (Normal) (G1 Evacuation Pause)
[2021-09-05T19:06:14.732+0530][gc,task       ] GC(11) Using 8 workers of 8 for evacuation
[2021-09-05T19:06:14.737+0530][gc,phases     ] GC(11)   Pre Evacuate Collection Set: 0.0ms
[2021-09-05T19:06:14.737+0530][gc,phases     ] GC(11)   Evacuate Collection Set: 3.0ms
[2021-09-05T19:06:14.737+0530][gc,phases     ] GC(11)   Post Evacuate Collection Set: 1.1ms
[2021-09-05T19:06:14.737+0530][gc,phases     ] GC(11)   Other: 0.3ms
[2021-09-05T19:06:14.737+0530][gc,heap       ] GC(11) Eden regions: 47->0(56)
[2021-09-05T19:06:14.737+0530][gc,heap       ] GC(11) Survivor regions: 4->5(7)
[2021-09-05T19:06:14.737+0530][gc,heap       ] GC(11) Old regions: 16->16
[2021-09-05T19:06:14.737+0530][gc,heap       ] GC(11) Humongous regions: 129->129
[2021-09-05T19:06:14.737+0530][gc,metaspace  ] GC(11) Metaspace: 43606K->43606K(1089536K)
[2021-09-05T19:06:14.737+0530][gc            ] GC(11) Pause Young (Normal) (G1 Evacuation Pause) 194M->147M(1024M) 4.519ms
[2021-09-05T19:06:14.737+0530][gc,cpu        ] GC(11) User=0.03s Sys=0.01s Real=0.01s
[2021-09-05T19:18:02.297+0530][gc,start      ] GC(12) Pause Young (Normal) (G1 Evacuation Pause)
[2021-09-05T19:18:02.297+0530][gc,task       ] GC(12) Using 8 workers of 8 for evacuation
[2021-09-05T19:18:02.303+0530][gc,phases     ] GC(12)   Pre Evacuate Collection Set: 0.0ms
[2021-09-05T19:18:02.303+0530][gc,phases     ] GC(12)   Evacuate Collection Set: 5.4ms
[2021-09-05T19:18:02.303+0530][gc,phases     ] GC(12)   Post Evacuate Collection Set: 0.3ms
[2021-09-05T19:18:02.303+0530][gc,phases     ] GC(12)   Other: 0.3ms
[2021-09-05T19:18:02.303+0530][gc,heap       ] GC(12) Eden regions: 56->0(502)
[2021-09-05T19:18:02.303+0530][gc,heap       ] GC(12) Survivor regions: 5->4(8)
[2021-09-05T19:18:02.303+0530][gc,heap       ] GC(12) Old regions: 16->17
[2021-09-05T19:18:02.303+0530][gc,heap       ] GC(12) Humongous regions: 129->129
[2021-09-05T19:18:02.303+0530][gc,metaspace  ] GC(12) Metaspace: 43656K->43656K(1089536K)
[2021-09-05T19:18:02.303+0530][gc            ] GC(12) Pause Young (Normal) (G1 Evacuation Pause) 203M->148M(1024M) 6.063ms
[2021-09-05T19:18:02.303+0530][gc,cpu        ] GC(12) User=0.04s Sys=0.00s Real=0.00s
[2021-09-05T20:51:58.346+0530][gc,start      ] GC(13) Pause Young (Normal) (G1 Evacuation Pause)
[2021-09-05T20:51:58.346+0530][gc,task       ] GC(13) Using 8 workers of 8 for evacuation
[2021-09-05T20:51:58.351+0530][gc,phases     ] GC(13)   Pre Evacuate Collection Set: 0.0ms
[2021-09-05T20:51:58.351+0530][gc,phases     ] GC(13)   Evacuate Collection Set: 3.6ms
[2021-09-05T20:51:58.351+0530][gc,phases     ] GC(13)   Post Evacuate Collection Set: 0.6ms
[2021-09-05T20:51:58.351+0530][gc,phases     ] GC(13)   Other: 0.3ms
[2021-09-05T20:51:58.351+0530][gc,heap       ] GC(13) Eden regions: 502->0(609)
[2021-09-05T20:51:58.351+0530][gc,heap       ] GC(13) Survivor regions: 4->5(64)
[2021-09-05T20:51:58.351+0530][gc,heap       ] GC(13) Old regions: 17->17
[2021-09-05T20:51:58.351+0530][gc,heap       ] GC(13) Humongous regions: 129->129
[2021-09-05T20:51:58.351+0530][gc,metaspace  ] GC(13) Metaspace: 44356K->44356K(1089536K)
[2021-09-05T20:51:58.351+0530][gc            ] GC(13) Pause Young (Normal) (G1 Evacuation Pause) 650M->148M(1024M) 4.457ms
[2021-09-05T20:51:58.351+0530][gc,cpu        ] GC(13) User=0.02s Sys=0.00s Real=0.01s
[2021-09-05T22:52:51.461+0530][gc,start      ] GC(14) Pause Young (Normal) (G1 Evacuation Pause)
[2021-09-05T22:52:51.461+0530][gc,task       ] GC(14) Using 8 workers of 8 for evacuation
[2021-09-05T22:52:51.468+0530][gc,phases     ] GC(14)   Pre Evacuate Collection Set: 0.0ms
[2021-09-05T22:52:51.468+0530][gc,phases     ] GC(14)   Evacuate Collection Set: 5.6ms
[2021-09-05T22:52:51.468+0530][gc,phases     ] GC(14)   Post Evacuate Collection Set: 0.6ms
[2021-09-05T22:52:51.468+0530][gc,phases     ] GC(14)   Other: 0.4ms
[2021-09-05T22:52:51.468+0530][gc,heap       ] GC(14) Eden regions: 609->0(609)
[2021-09-05T22:52:51.468+0530][gc,heap       ] GC(14) Survivor regions: 5->5(77)
[2021-09-05T22:52:51.468+0530][gc,heap       ] GC(14) Old regions: 17->17
[2021-09-05T22:52:51.468+0530][gc,heap       ] GC(14) Humongous regions: 129->129
[2021-09-05T22:52:51.468+0530][gc,metaspace  ] GC(14) Metaspace: 44692K->44692K(1089536K)
[2021-09-05T22:52:51.468+0530][gc            ] GC(14) Pause Young (Normal) (G1 Evacuation Pause) 757M->148M(1024M) 6.595ms
[2021-09-05T22:52:51.468+0530][gc,cpu        ] GC(14) User=0.03s Sys=0.01s Real=0.01s
[2021-09-06T00:34:33.665+0530][gc,start      ] GC(15) Pause Young (Normal) (G1 Evacuation Pause)
[2021-09-06T00:34:33.665+0530][gc,task       ] GC(15) Using 8 workers of 8 for evacuation
[2021-09-06T00:34:33.669+0530][gc,phases     ] GC(15)   Pre Evacuate Collection Set: 0.0ms
[2021-09-06T00:34:33.669+0530][gc,phases     ] GC(15)   Evacuate Collection Set: 2.7ms
[2021-09-06T00:34:33.669+0530][gc,phases     ] GC(15)   Post Evacuate Collection Set: 1.3ms
[2021-09-06T00:34:33.669+0530][gc,phases     ] GC(15)   Other: 0.2ms
[2021-09-06T00:34:33.669+0530][gc,heap       ] GC(15) Eden regions: 609->0(608)
[2021-09-06T00:34:33.669+0530][gc,heap       ] GC(15) Survivor regions: 5->6(77)
[2021-09-06T00:34:33.669+0530][gc,heap       ] GC(15) Old regions: 17->17
[2021-09-06T00:34:33.669+0530][gc,heap       ] GC(15) Humongous regions: 129->129
[2021-09-06T00:34:33.669+0530][gc,metaspace  ] GC(15) Metaspace: 45126K->45126K(1089536K)
[2021-09-06T00:34:33.669+0530][gc            ] GC(15) Pause Young (Normal) (G1 Evacuation Pause) 757M->149M(1024M) 4.400ms
[2021-09-06T00:34:33.669+0530][gc,cpu        ] GC(15) User=0.03s Sys=0.00s Real=0.00s
