[2021-09-05T18:24:28.681+0530][gc,heap] Heap region size: 1M
[2021-09-05T18:24:28.693+0530][gc     ] Using G1
[2021-09-05T18:24:28.693+0530][gc,heap,coops] Heap address: 0x00000000c0000000, size: 1024 MB, Compressed Oops mode: 32-bit
[2021-09-05T18:24:28.693+0530][gc,cds       ] Mark closed archive regions in map: [0x00000000fff00000, 0x00000000fff6aff8]
[2021-09-05T18:24:28.693+0530][gc,cds       ] Mark open archive regions in map: [0x00000000ffe00000, 0x00000000ffe46ff8]
[2021-09-05T18:24:29.549+0530][gc,start     ] GC(0) Pause Young (Normal) (G1 Evacuation Pause)
[2021-09-05T18:24:29.550+0530][gc,task      ] GC(0) Using 8 workers of 8 for evacuation
[2021-09-05T18:24:29.557+0530][gc,phases    ] GC(0)   Pre Evacuate Collection Set: 0.0ms
[2021-09-05T18:24:29.557+0530][gc,phases    ] GC(0)   Evacuate Collection Set: 7.0ms
[2021-09-05T18:24:29.557+0530][gc,phases    ] GC(0)   Post Evacuate Collection Set: 0.5ms
[2021-09-05T18:24:29.557+0530][gc,phases    ] GC(0)   Other: 0.9ms
[2021-09-05T18:24:29.557+0530][gc,heap      ] GC(0) Eden regions: 51->0(44)
[2021-09-05T18:24:29.557+0530][gc,heap      ] GC(0) Survivor regions: 0->7(7)
[2021-09-05T18:24:29.557+0530][gc,heap      ] GC(0) Old regions: 2->2
[2021-09-05T18:24:29.557+0530][gc,heap      ] GC(0) Humongous regions: 0->0
[2021-09-05T18:24:29.557+0530][gc,metaspace ] GC(0) Metaspace: 15809K->15809K(1062912K)
[2021-09-05T18:24:29.557+0530][gc           ] GC(0) Pause Young (Normal) (G1 Evacuation Pause) 51M->7M(1024M) 8.551ms
[2021-09-05T18:24:29.557+0530][gc,cpu       ] GC(0) User=0.05s Sys=0.01s Real=0.01s
[2021-09-05T18:24:29.766+0530][gc,start     ] GC(1) Pause Young (Concurrent Start) (Metadata GC Threshold)
[2021-09-05T18:24:29.766+0530][gc,task      ] GC(1) Using 8 workers of 8 for evacuation
[2021-09-05T18:24:29.778+0530][gc,phases    ] GC(1)   Pre Evacuate Collection Set: 0.1ms
[2021-09-05T18:24:29.778+0530][gc,phases    ] GC(1)   Evacuate Collection Set: 11.0ms
[2021-09-05T18:24:29.778+0530][gc,phases    ] GC(1)   Post Evacuate Collection Set: 0.5ms
[2021-09-05T18:24:29.778+0530][gc,phases    ] GC(1)   Other: 0.3ms
[2021-09-05T18:24:29.778+0530][gc,heap      ] GC(1) Eden regions: 19->0(49)
[2021-09-05T18:24:29.778+0530][gc,heap      ] GC(1) Survivor regions: 7->2(7)
[2021-09-05T18:24:29.778+0530][gc,heap      ] GC(1) Old regions: 2->9
[2021-09-05T18:24:29.778+0530][gc,heap      ] GC(1) Humongous regions: 0->0
[2021-09-05T18:24:29.778+0530][gc,metaspace ] GC(1) Metaspace: 20503K->20503K(1067008K)
[2021-09-05T18:24:29.778+0530][gc           ] GC(1) Pause Young (Concurrent Start) (Metadata GC Threshold) 25M->8M(1024M) 12.082ms
[2021-09-05T18:24:29.778+0530][gc,cpu       ] GC(1) User=0.07s Sys=0.00s Real=0.02s
[2021-09-05T18:24:29.778+0530][gc           ] GC(2) Concurrent Cycle
[2021-09-05T18:24:29.778+0530][gc,marking   ] GC(2) Concurrent Clear Claimed Marks
[2021-09-05T18:24:29.778+0530][gc,marking   ] GC(2) Concurrent Clear Claimed Marks 0.086ms
[2021-09-05T18:24:29.778+0530][gc,marking   ] GC(2) Concurrent Scan Root Regions
[2021-09-05T18:24:29.779+0530][gc,marking   ] GC(2) Concurrent Scan Root Regions 1.308ms
[2021-09-05T18:24:29.779+0530][gc,marking   ] GC(2) Concurrent Mark (1.117s)
[2021-09-05T18:24:29.779+0530][gc,marking   ] GC(2) Concurrent Mark From Roots
[2021-09-05T18:24:29.779+0530][gc,task      ] GC(2) Using 2 workers of 2 for marking
[2021-09-05T18:24:29.784+0530][gc,marking   ] GC(2) Concurrent Mark From Roots 4.951ms
[2021-09-05T18:24:29.784+0530][gc,marking   ] GC(2) Concurrent Preclean
[2021-09-05T18:24:29.785+0530][gc,marking   ] GC(2) Concurrent Preclean 0.126ms
[2021-09-05T18:24:29.785+0530][gc,marking   ] GC(2) Concurrent Mark (1.117s, 1.122s) 5.145ms
[2021-09-05T18:24:29.785+0530][gc,start     ] GC(2) Pause Remark
[2021-09-05T18:24:29.787+0530][gc,stringtable] GC(2) Cleaned string and symbol table, strings: 4990 processed, 0 removed, symbols: 50108 processed, 56 removed
[2021-09-05T18:24:29.787+0530][gc            ] GC(2) Pause Remark 8M->8M(1024M) 2.641ms
[2021-09-05T18:24:29.787+0530][gc,cpu        ] GC(2) User=0.01s Sys=0.00s Real=0.00s
[2021-09-05T18:24:29.787+0530][gc,marking    ] GC(2) Concurrent Rebuild Remembered Sets
[2021-09-05T18:24:29.791+0530][gc,marking    ] GC(2) Concurrent Rebuild Remembered Sets 3.247ms
[2021-09-05T18:24:29.791+0530][gc,start      ] GC(2) Pause Cleanup
[2021-09-05T18:24:29.791+0530][gc            ] GC(2) Pause Cleanup 9M->9M(1024M) 0.239ms
[2021-09-05T18:24:29.791+0530][gc,cpu        ] GC(2) User=0.00s Sys=0.00s Real=0.00s
[2021-09-05T18:24:29.791+0530][gc,marking    ] GC(2) Concurrent Cleanup for Next Mark
[2021-09-05T18:24:29.795+0530][gc,marking    ] GC(2) Concurrent Cleanup for Next Mark 3.835ms
[2021-09-05T18:24:29.795+0530][gc            ] GC(2) Concurrent Cycle 17.233ms
[2021-09-05T18:24:30.331+0530][gc,start      ] GC(3) Pause Young (Normal) (G1 Evacuation Pause)
[2021-09-05T18:24:30.331+0530][gc,task       ] GC(3) Using 8 workers of 8 for evacuation
[2021-09-05T18:24:30.335+0530][gc,phases     ] GC(3)   Pre Evacuate Collection Set: 0.0ms
[2021-09-05T18:24:30.335+0530][gc,phases     ] GC(3)   Evacuate Collection Set: 3.0ms
[2021-09-05T18:24:30.335+0530][gc,phases     ] GC(3)   Post Evacuate Collection Set: 0.4ms
[2021-09-05T18:24:30.335+0530][gc,phases     ] GC(3)   Other: 0.2ms
[2021-09-05T18:24:30.335+0530][gc,heap       ] GC(3) Eden regions: 49->0(46)
[2021-09-05T18:24:30.335+0530][gc,heap       ] GC(3) Survivor regions: 2->5(7)
[2021-09-05T18:24:30.335+0530][gc,heap       ] GC(3) Old regions: 9->9
[2021-09-05T18:24:30.335+0530][gc,heap       ] GC(3) Humongous regions: 129->129
[2021-09-05T18:24:30.335+0530][gc,metaspace  ] GC(3) Metaspace: 29473K->29473K(1075200K)
[2021-09-05T18:24:30.335+0530][gc            ] GC(3) Pause Young (Normal) (G1 Evacuation Pause) 186M->140M(1024M) 3.649ms
[2021-09-05T18:24:30.335+0530][gc,cpu        ] GC(3) User=0.03s Sys=0.00s Real=0.00s
[2021-09-05T18:24:30.606+0530][gc,start      ] GC(4) Pause Young (Concurrent Start) (Metadata GC Threshold)
[2021-09-05T18:24:30.606+0530][gc,task       ] GC(4) Using 8 workers of 8 for evacuation
[2021-09-05T18:24:30.614+0530][gc,phases     ] GC(4)   Pre Evacuate Collection Set: 0.1ms
[2021-09-05T18:24:30.614+0530][gc,phases     ] GC(4)   Evacuate Collection Set: 7.1ms
[2021-09-05T18:24:30.614+0530][gc,phases     ] GC(4)   Post Evacuate Collection Set: 0.5ms
[2021-09-05T18:24:30.614+0530][gc,phases     ] GC(4)   Other: 0.3ms
[2021-09-05T18:24:30.614+0530][gc,heap       ] GC(4) Eden regions: 22->0(49)
[2021-09-05T18:24:30.614+0530][gc,heap       ] GC(4) Survivor regions: 5->2(7)
[2021-09-05T18:24:30.614+0530][gc,heap       ] GC(4) Old regions: 9->13
[2021-09-05T18:24:30.614+0530][gc,heap       ] GC(4) Humongous regions: 129->129
[2021-09-05T18:24:30.614+0530][gc,metaspace  ] GC(4) Metaspace: 34217K->34217K(1079296K)
[2021-09-05T18:24:30.614+0530][gc            ] GC(4) Pause Young (Concurrent Start) (Metadata GC Threshold) 161M->141M(1024M) 8.054ms
[2021-09-05T18:24:30.614+0530][gc,cpu        ] GC(4) User=0.05s Sys=0.00s Real=0.01s
[2021-09-05T18:24:30.614+0530][gc            ] GC(5) Concurrent Cycle
[2021-09-05T18:24:30.614+0530][gc,marking    ] GC(5) Concurrent Clear Claimed Marks
[2021-09-05T18:24:30.614+0530][gc,marking    ] GC(5) Concurrent Clear Claimed Marks 0.034ms
[2021-09-05T18:24:30.614+0530][gc,marking    ] GC(5) Concurrent Scan Root Regions
[2021-09-05T18:24:30.615+0530][gc,marking    ] GC(5) Concurrent Scan Root Regions 0.817ms
[2021-09-05T18:24:30.615+0530][gc,marking    ] GC(5) Concurrent Mark (1.952s)
[2021-09-05T18:24:30.615+0530][gc,marking    ] GC(5) Concurrent Mark From Roots
[2021-09-05T18:24:30.615+0530][gc,task       ] GC(5) Using 2 workers of 2 for marking
[2021-09-05T18:24:30.625+0530][gc,marking    ] GC(5) Concurrent Mark From Roots 9.940ms
[2021-09-05T18:24:30.625+0530][gc,marking    ] GC(5) Concurrent Preclean
[2021-09-05T18:24:30.625+0530][gc,marking    ] GC(5) Concurrent Preclean 0.094ms
[2021-09-05T18:24:30.625+0530][gc,marking    ] GC(5) Concurrent Mark (1.952s, 1.962s) 10.092ms
[2021-09-05T18:24:30.625+0530][gc,start      ] GC(5) Pause Remark
[2021-09-05T18:24:30.631+0530][gc,stringtable] GC(5) Cleaned string and symbol table, strings: 10995 processed, 13 removed, symbols: 82301 processed, 18 removed
[2021-09-05T18:24:30.631+0530][gc            ] GC(5) Pause Remark 142M->142M(1024M) 6.066ms
[2021-09-05T18:24:30.631+0530][gc,cpu        ] GC(5) User=0.04s Sys=0.00s Real=0.01s
[2021-09-05T18:24:30.631+0530][gc,marking    ] GC(5) Concurrent Rebuild Remembered Sets
[2021-09-05T18:24:30.636+0530][gc,marking    ] GC(5) Concurrent Rebuild Remembered Sets 5.000ms
[2021-09-05T18:24:30.636+0530][gc,start      ] GC(5) Pause Cleanup
[2021-09-05T18:24:30.637+0530][gc            ] GC(5) Pause Cleanup 142M->142M(1024M) 0.363ms
[2021-09-05T18:24:30.637+0530][gc,cpu        ] GC(5) User=0.00s Sys=0.00s Real=0.00s
[2021-09-05T18:24:30.637+0530][gc,marking    ] GC(5) Concurrent Cleanup for Next Mark
[2021-09-05T18:24:30.642+0530][gc,marking    ] GC(5) Concurrent Cleanup for Next Mark 4.768ms
[2021-09-05T18:24:30.642+0530][gc            ] GC(5) Concurrent Cycle 27.866ms
[2021-09-05T18:32:36.519+0530][gc,start      ] GC(6) Pause Young (Normal) (G1 Evacuation Pause)
[2021-09-05T18:32:36.519+0530][gc,task       ] GC(6) Using 8 workers of 8 for evacuation
[2021-09-05T18:32:36.522+0530][gc,phases     ] GC(6)   Pre Evacuate Collection Set: 0.0ms
[2021-09-05T18:32:36.522+0530][gc,phases     ] GC(6)   Evacuate Collection Set: 3.0ms
[2021-09-05T18:32:36.522+0530][gc,phases     ] GC(6)   Post Evacuate Collection Set: 0.6ms
[2021-09-05T18:32:36.522+0530][gc,phases     ] GC(6)   Other: 0.2ms
[2021-09-05T18:32:36.522+0530][gc,heap       ] GC(6) Eden regions: 49->0(46)
[2021-09-05T18:32:36.522+0530][gc,heap       ] GC(6) Survivor regions: 2->5(7)
[2021-09-05T18:32:36.522+0530][gc,heap       ] GC(6) Old regions: 13->13
[2021-09-05T18:32:36.522+0530][gc,heap       ] GC(6) Humongous regions: 129->129
[2021-09-05T18:32:36.522+0530][gc,metaspace  ] GC(6) Metaspace: 40535K->40535K(1085440K)
[2021-09-05T18:32:36.522+0530][gc            ] GC(6) Pause Young (Normal) (G1 Evacuation Pause) 190M->145M(1024M) 3.825ms
[2021-09-05T18:32:36.522+0530][gc,cpu        ] GC(6) User=0.03s Sys=0.00s Real=0.00s
[2021-09-05T18:40:48.752+0530][gc,start      ] GC(7) Pause Young (Normal) (G1 Evacuation Pause)
[2021-09-05T18:40:48.752+0530][gc,task       ] GC(7) Using 8 workers of 8 for evacuation
[2021-09-05T18:40:48.763+0530][gc,phases     ] GC(7)   Pre Evacuate Collection Set: 0.0ms
[2021-09-05T18:40:48.763+0530][gc,phases     ] GC(7)   Evacuate Collection Set: 10.8ms
[2021-09-05T18:40:48.763+0530][gc,phases     ] GC(7)   Post Evacuate Collection Set: 0.7ms
[2021-09-05T18:40:48.763+0530][gc,phases     ] GC(7)   Other: 0.3ms
[2021-09-05T18:40:48.763+0530][gc,heap       ] GC(7) Eden regions: 46->0(46)
[2021-09-05T18:40:48.763+0530][gc,heap       ] GC(7) Survivor regions: 5->5(7)
[2021-09-05T18:40:48.763+0530][gc,heap       ] GC(7) Old regions: 13->14
[2021-09-05T18:40:48.763+0530][gc,heap       ] GC(7) Humongous regions: 129->129
[2021-09-05T18:40:48.763+0530][gc,metaspace  ] GC(7) Metaspace: 41109K->41109K(1087488K)
[2021-09-05T18:40:48.764+0530][gc            ] GC(7) Pause Young (Normal) (G1 Evacuation Pause) 191M->146M(1024M) 11.959ms
[2021-09-05T18:40:48.764+0530][gc,cpu        ] GC(7) User=0.07s Sys=0.00s Real=0.01s
[2021-09-05T18:50:11.157+0530][gc,start      ] GC(8) Pause Young (Normal) (G1 Evacuation Pause)
[2021-09-05T18:50:11.157+0530][gc,task       ] GC(8) Using 8 workers of 8 for evacuation
[2021-09-05T18:50:11.164+0530][gc,phases     ] GC(8)   Pre Evacuate Collection Set: 0.1ms
[2021-09-05T18:50:11.164+0530][gc,phases     ] GC(8)   Evacuate Collection Set: 6.1ms
[2021-09-05T18:50:11.164+0530][gc,phases     ] GC(8)   Post Evacuate Collection Set: 0.4ms
[2021-09-05T18:50:11.164+0530][gc,phases     ] GC(8)   Other: 0.3ms
[2021-09-05T18:50:11.164+0530][gc,heap       ] GC(8) Eden regions: 46->0(47)
[2021-09-05T18:50:11.164+0530][gc,heap       ] GC(8) Survivor regions: 5->4(7)
[2021-09-05T18:50:11.164+0530][gc,heap       ] GC(8) Old regions: 14->16
[2021-09-05T18:50:11.164+0530][gc,heap       ] GC(8) Humongous regions: 129->129
[2021-09-05T18:50:11.164+0530][gc,metaspace  ] GC(8) Metaspace: 41203K->41203K(1087488K)
[2021-09-05T18:50:11.164+0530][gc            ] GC(8) Pause Young (Normal) (G1 Evacuation Pause) 192M->146M(1024M) 6.845ms
[2021-09-05T18:50:11.164+0530][gc,cpu        ] GC(8) User=0.04s Sys=0.01s Real=0.00s
[2021-09-05T19:00:22.314+0530][gc,start      ] GC(9) Pause Young (Normal) (G1 Evacuation Pause)
[2021-09-05T19:00:22.314+0530][gc,task       ] GC(9) Using 8 workers of 8 for evacuation
[2021-09-05T19:00:22.320+0530][gc,phases     ] GC(9)   Pre Evacuate Collection Set: 0.0ms
[2021-09-05T19:00:22.320+0530][gc,phases     ] GC(9)   Evacuate Collection Set: 4.1ms
[2021-09-05T19:00:22.320+0530][gc,phases     ] GC(9)   Post Evacuate Collection Set: 1.6ms
[2021-09-05T19:00:22.320+0530][gc,phases     ] GC(9)   Other: 0.3ms
[2021-09-05T19:00:22.320+0530][gc,heap       ] GC(9) Eden regions: 47->0(50)
[2021-09-05T19:00:22.320+0530][gc,heap       ] GC(9) Survivor regions: 4->3(7)
[2021-09-05T19:00:22.320+0530][gc,heap       ] GC(9) Old regions: 16->16
[2021-09-05T19:00:22.320+0530][gc,heap       ] GC(9) Humongous regions: 129->129
[2021-09-05T19:00:22.320+0530][gc,metaspace  ] GC(9) Metaspace: 41239K->41239K(1087488K)
[2021-09-05T19:00:22.320+0530][gc            ] GC(9) Pause Young (Normal) (G1 Evacuation Pause) 193M->145M(1024M) 5.983ms
[2021-09-05T19:00:22.320+0530][gc,cpu        ] GC(9) User=0.04s Sys=0.00s Real=0.01s
[2021-09-05T19:11:19.767+0530][gc,start      ] GC(10) Pause Young (Normal) (G1 Evacuation Pause)
[2021-09-05T19:11:19.767+0530][gc,task       ] GC(10) Using 8 workers of 8 for evacuation
[2021-09-05T19:11:19.771+0530][gc,phases     ] GC(10)   Pre Evacuate Collection Set: 0.0ms
[2021-09-05T19:11:19.771+0530][gc,phases     ] GC(10)   Evacuate Collection Set: 3.2ms
[2021-09-05T19:11:19.771+0530][gc,phases     ] GC(10)   Post Evacuate Collection Set: 0.8ms
[2021-09-05T19:11:19.771+0530][gc,phases     ] GC(10)   Other: 0.3ms
[2021-09-05T19:11:19.771+0530][gc,heap       ] GC(10) Eden regions: 50->0(72)
[2021-09-05T19:11:19.771+0530][gc,heap       ] GC(10) Survivor regions: 3->3(7)
[2021-09-05T19:11:19.771+0530][gc,heap       ] GC(10) Old regions: 16->16
[2021-09-05T19:11:19.771+0530][gc,heap       ] GC(10) Humongous regions: 129->129
[2021-09-05T19:11:19.771+0530][gc,metaspace  ] GC(10) Metaspace: 41296K->41296K(1087488K)
[2021-09-05T19:11:19.771+0530][gc            ] GC(10) Pause Young (Normal) (G1 Evacuation Pause) 195M->145M(1024M) 4.485ms
[2021-09-05T19:11:19.771+0530][gc,cpu        ] GC(10) User=0.03s Sys=0.00s Real=0.01s
[2021-09-05T19:26:41.236+0530][gc,start      ] GC(11) Pause Young (Normal) (G1 Evacuation Pause)
[2021-09-05T19:26:41.236+0530][gc,task       ] GC(11) Using 8 workers of 8 for evacuation
[2021-09-05T19:26:41.241+0530][gc,phases     ] GC(11)   Pre Evacuate Collection Set: 0.0ms
[2021-09-05T19:26:41.241+0530][gc,phases     ] GC(11)   Evacuate Collection Set: 4.6ms
[2021-09-05T19:26:41.241+0530][gc,phases     ] GC(11)   Post Evacuate Collection Set: 0.6ms
[2021-09-05T19:26:41.241+0530][gc,phases     ] GC(11)   Other: 0.3ms
[2021-09-05T19:26:41.241+0530][gc,heap       ] GC(11) Eden regions: 72->0(610)
[2021-09-05T19:26:41.241+0530][gc,heap       ] GC(11) Survivor regions: 3->4(10)
[2021-09-05T19:26:41.241+0530][gc,heap       ] GC(11) Old regions: 16->16
[2021-09-05T19:26:41.241+0530][gc,heap       ] GC(11) Humongous regions: 129->129
[2021-09-05T19:26:41.241+0530][gc,metaspace  ] GC(11) Metaspace: 41391K->41391K(1087488K)
[2021-09-05T19:26:41.241+0530][gc            ] GC(11) Pause Young (Normal) (G1 Evacuation Pause) 217M->146M(1024M) 5.556ms
[2021-09-05T19:26:41.241+0530][gc,cpu        ] GC(11) User=0.04s Sys=0.00s Real=0.01s
[2021-09-05T21:25:49.820+0530][gc,start      ] GC(12) Pause Young (Normal) (G1 Evacuation Pause)
[2021-09-05T21:25:49.820+0530][gc,task       ] GC(12) Using 8 workers of 8 for evacuation
[2021-09-05T21:25:49.826+0530][gc,phases     ] GC(12)   Pre Evacuate Collection Set: 0.0ms
[2021-09-05T21:25:49.826+0530][gc,phases     ] GC(12)   Evacuate Collection Set: 4.0ms
[2021-09-05T21:25:49.826+0530][gc,phases     ] GC(12)   Post Evacuate Collection Set: 2.2ms
[2021-09-05T21:25:49.826+0530][gc,phases     ] GC(12)   Other: 0.5ms
[2021-09-05T21:25:49.826+0530][gc,heap       ] GC(12) Eden regions: 610->0(611)
[2021-09-05T21:25:49.826+0530][gc,heap       ] GC(12) Survivor regions: 4->3(77)
[2021-09-05T21:25:49.826+0530][gc,heap       ] GC(12) Old regions: 16->16
[2021-09-05T21:25:49.826+0530][gc,heap       ] GC(12) Humongous regions: 129->129
[2021-09-05T21:25:49.826+0530][gc,metaspace  ] GC(12) Metaspace: 41633K->41633K(1087488K)
[2021-09-05T21:25:49.826+0530][gc            ] GC(12) Pause Young (Normal) (G1 Evacuation Pause) 756M->145M(1024M) 6.920ms
[2021-09-05T21:25:49.826+0530][gc,cpu        ] GC(12) User=0.03s Sys=0.01s Real=0.00s
[2021-09-05T23:34:45.787+0530][gc,start      ] GC(13) Pause Young (Normal) (G1 Evacuation Pause)
[2021-09-05T23:34:45.787+0530][gc,task       ] GC(13) Using 8 workers of 8 for evacuation
[2021-09-05T23:34:45.796+0530][gc,phases     ] GC(13)   Pre Evacuate Collection Set: 0.0ms
[2021-09-05T23:34:45.796+0530][gc,phases     ] GC(13)   Evacuate Collection Set: 5.7ms
[2021-09-05T23:34:45.796+0530][gc,phases     ] GC(13)   Post Evacuate Collection Set: 2.9ms
[2021-09-05T23:34:45.796+0530][gc,phases     ] GC(13)   Other: 0.3ms
[2021-09-05T23:34:45.796+0530][gc,heap       ] GC(13) Eden regions: 611->0(610)
[2021-09-05T23:34:45.796+0530][gc,heap       ] GC(13) Survivor regions: 3->4(77)
[2021-09-05T23:34:45.796+0530][gc,heap       ] GC(13) Old regions: 16->16
[2021-09-05T23:34:45.796+0530][gc,heap       ] GC(13) Humongous regions: 129->129
[2021-09-05T23:34:45.796+0530][gc,metaspace  ] GC(13) Metaspace: 41714K->41714K(1087488K)
[2021-09-05T23:34:45.796+0530][gc            ] GC(13) Pause Young (Normal) (G1 Evacuation Pause) 756M->146M(1024M) 9.164ms
[2021-09-05T23:34:45.796+0530][gc,cpu        ] GC(13) User=0.06s Sys=0.00s Real=0.00s
[2021-09-06T01:35:02.762+0530][gc,start      ] GC(14) Pause Young (Normal) (G1 Evacuation Pause)
[2021-09-06T01:35:02.762+0530][gc,task       ] GC(14) Using 8 workers of 8 for evacuation
[2021-09-06T01:35:02.766+0530][gc,phases     ] GC(14)   Pre Evacuate Collection Set: 0.0ms
[2021-09-06T01:35:02.766+0530][gc,phases     ] GC(14)   Evacuate Collection Set: 2.4ms
[2021-09-06T01:35:02.766+0530][gc,phases     ] GC(14)   Post Evacuate Collection Set: 1.0ms
[2021-09-06T01:35:02.766+0530][gc,phases     ] GC(14)   Other: 0.2ms
[2021-09-06T01:35:02.766+0530][gc,heap       ] GC(14) Eden regions: 610->0(610)
[2021-09-06T01:35:02.766+0530][gc,heap       ] GC(14) Survivor regions: 4->4(77)
[2021-09-06T01:35:02.766+0530][gc,heap       ] GC(14) Old regions: 16->16
[2021-09-06T01:35:02.766+0530][gc,heap       ] GC(14) Humongous regions: 129->129
[2021-09-06T01:35:02.766+0530][gc,metaspace  ] GC(14) Metaspace: 42085K->42085K(1087488K)
[2021-09-06T01:35:02.766+0530][gc            ] GC(14) Pause Young (Normal) (G1 Evacuation Pause) 756M->146M(1024M) 3.763ms
[2021-09-06T01:35:02.766+0530][gc,cpu        ] GC(14) User=0.03s Sys=0.00s Real=0.01s
