[2021-09-01T11:22:36.194+0530][gc,heap] Heap region size: 1M
[2021-09-01T11:22:36.200+0530][gc     ] Using G1
[2021-09-01T11:22:36.200+0530][gc,heap,coops] Heap address: 0x00000000c0000000, size: 1024 MB, Compressed Oops mode: 32-bit
[2021-09-01T11:22:36.200+0530][gc,cds       ] Mark closed archive regions in map: [0x00000000fff00000, 0x00000000fff6aff8]
[2021-09-01T11:22:36.200+0530][gc,cds       ] Mark open archive regions in map: [0x00000000ffe00000, 0x00000000ffe46ff8]
[2021-09-01T11:22:36.945+0530][gc,start     ] GC(0) Pause Young (Normal) (G1 Evacuation Pause)
[2021-09-01T11:22:36.945+0530][gc,task      ] GC(0) Using 8 workers of 8 for evacuation
[2021-09-01T11:22:36.958+0530][gc,phases    ] GC(0)   Pre Evacuate Collection Set: 0.0ms
[2021-09-01T11:22:36.958+0530][gc,phases    ] GC(0)   Evacuate Collection Set: 11.7ms
[2021-09-01T11:22:36.958+0530][gc,phases    ] GC(0)   Post Evacuate Collection Set: 0.6ms
[2021-09-01T11:22:36.958+0530][gc,phases    ] GC(0)   Other: 0.7ms
[2021-09-01T11:22:36.958+0530][gc,heap      ] GC(0) Eden regions: 51->0(44)
[2021-09-01T11:22:36.958+0530][gc,heap      ] GC(0) Survivor regions: 0->7(7)
[2021-09-01T11:22:36.958+0530][gc,heap      ] GC(0) Old regions: 2->2
[2021-09-01T11:22:36.958+0530][gc,heap      ] GC(0) Humongous regions: 0->0
[2021-09-01T11:22:36.958+0530][gc,metaspace ] GC(0) Metaspace: 15787K->15787K(1062912K)
[2021-09-01T11:22:36.958+0530][gc           ] GC(0) Pause Young (Normal) (G1 Evacuation Pause) 51M->7M(1024M) 13.116ms
[2021-09-01T11:22:36.958+0530][gc,cpu       ] GC(0) User=0.08s Sys=0.00s Real=0.01s
[2021-09-01T11:22:37.149+0530][gc,start     ] GC(1) Pause Young (Concurrent Start) (Metadata GC Threshold)
[2021-09-01T11:22:37.149+0530][gc,task      ] GC(1) Using 8 workers of 8 for evacuation
[2021-09-01T11:22:37.155+0530][gc,phases    ] GC(1)   Pre Evacuate Collection Set: 0.1ms
[2021-09-01T11:22:37.155+0530][gc,phases    ] GC(1)   Evacuate Collection Set: 5.4ms
[2021-09-01T11:22:37.155+0530][gc,phases    ] GC(1)   Post Evacuate Collection Set: 0.4ms
[2021-09-01T11:22:37.155+0530][gc,phases    ] GC(1)   Other: 0.2ms
[2021-09-01T11:22:37.155+0530][gc,heap      ] GC(1) Eden regions: 20->0(50)
[2021-09-01T11:22:37.155+0530][gc,heap      ] GC(1) Survivor regions: 7->1(7)
[2021-09-01T11:22:37.155+0530][gc,heap      ] GC(1) Old regions: 2->9
[2021-09-01T11:22:37.155+0530][gc,heap      ] GC(1) Humongous regions: 0->0
[2021-09-01T11:22:37.155+0530][gc,metaspace ] GC(1) Metaspace: 20613K->20613K(1067008K)
[2021-09-01T11:22:37.155+0530][gc           ] GC(1) Pause Young (Concurrent Start) (Metadata GC Threshold) 26M->8M(1024M) 6.151ms
[2021-09-01T11:22:37.155+0530][gc,cpu       ] GC(1) User=0.03s Sys=0.00s Real=0.00s
[2021-09-01T11:22:37.155+0530][gc           ] GC(2) Concurrent Cycle
[2021-09-01T11:22:37.155+0530][gc,marking   ] GC(2) Concurrent Clear Claimed Marks
[2021-09-01T11:22:37.155+0530][gc,marking   ] GC(2) Concurrent Clear Claimed Marks 0.024ms
[2021-09-01T11:22:37.155+0530][gc,marking   ] GC(2) Concurrent Scan Root Regions
[2021-09-01T11:22:37.156+0530][gc,marking   ] GC(2) Concurrent Scan Root Regions 0.686ms
[2021-09-01T11:22:37.156+0530][gc,marking   ] GC(2) Concurrent Mark (0.963s)
[2021-09-01T11:22:37.156+0530][gc,marking   ] GC(2) Concurrent Mark From Roots
[2021-09-01T11:22:37.156+0530][gc,task      ] GC(2) Using 2 workers of 2 for marking
[2021-09-01T11:22:37.162+0530][gc,marking   ] GC(2) Concurrent Mark From Roots 6.326ms
[2021-09-01T11:22:37.162+0530][gc,marking   ] GC(2) Concurrent Preclean
[2021-09-01T11:22:37.162+0530][gc,marking   ] GC(2) Concurrent Preclean 0.084ms
[2021-09-01T11:22:37.162+0530][gc,marking   ] GC(2) Concurrent Mark (0.963s, 0.970s) 6.455ms
[2021-09-01T11:22:37.162+0530][gc,start     ] GC(2) Pause Remark
[2021-09-01T11:22:37.165+0530][gc,stringtable] GC(2) Cleaned string and symbol table, strings: 5100 processed, 0 removed, symbols: 50708 processed, 59 removed
[2021-09-01T11:22:37.166+0530][gc            ] GC(2) Pause Remark 9M->9M(1024M) 3.297ms
[2021-09-01T11:22:37.166+0530][gc,cpu        ] GC(2) User=0.01s Sys=0.00s Real=0.00s
[2021-09-01T11:22:37.166+0530][gc,marking    ] GC(2) Concurrent Rebuild Remembered Sets
[2021-09-01T11:22:37.168+0530][gc,marking    ] GC(2) Concurrent Rebuild Remembered Sets 2.271ms
[2021-09-01T11:22:37.168+0530][gc,start      ] GC(2) Pause Cleanup
[2021-09-01T11:22:37.168+0530][gc            ] GC(2) Pause Cleanup 9M->9M(1024M) 0.128ms
[2021-09-01T11:22:37.168+0530][gc,cpu        ] GC(2) User=0.00s Sys=0.00s Real=0.00s
[2021-09-01T11:22:37.168+0530][gc,marking    ] GC(2) Concurrent Cleanup for Next Mark
[2021-09-01T11:22:37.172+0530][gc,marking    ] GC(2) Concurrent Cleanup for Next Mark 3.747ms
[2021-09-01T11:22:37.172+0530][gc            ] GC(2) Concurrent Cycle 17.113ms
[2021-09-01T11:22:37.636+0530][gc,start      ] GC(3) Pause Young (Normal) (G1 Evacuation Pause)
[2021-09-01T11:22:37.636+0530][gc,task       ] GC(3) Using 8 workers of 8 for evacuation
[2021-09-01T11:22:37.639+0530][gc,phases     ] GC(3)   Pre Evacuate Collection Set: 0.0ms
[2021-09-01T11:22:37.639+0530][gc,phases     ] GC(3)   Evacuate Collection Set: 2.9ms
[2021-09-01T11:22:37.639+0530][gc,phases     ] GC(3)   Post Evacuate Collection Set: 0.4ms
[2021-09-01T11:22:37.639+0530][gc,phases     ] GC(3)   Other: 0.1ms
[2021-09-01T11:22:37.639+0530][gc,heap       ] GC(3) Eden regions: 50->0(46)
[2021-09-01T11:22:37.639+0530][gc,heap       ] GC(3) Survivor regions: 1->5(7)
[2021-09-01T11:22:37.639+0530][gc,heap       ] GC(3) Old regions: 9->9
[2021-09-01T11:22:37.639+0530][gc,heap       ] GC(3) Humongous regions: 129->129
[2021-09-01T11:22:37.639+0530][gc,metaspace  ] GC(3) Metaspace: 29860K->29860K(1075200K)
[2021-09-01T11:22:37.639+0530][gc            ] GC(3) Pause Young (Normal) (G1 Evacuation Pause) 187M->140M(1024M) 3.494ms
[2021-09-01T11:22:37.639+0530][gc,cpu        ] GC(3) User=0.02s Sys=0.00s Real=0.00s
[2021-09-01T11:22:37.791+0530][gc,start      ] GC(4) Pause Young (Concurrent Start) (GCLocker Initiated GC)
[2021-09-01T11:22:37.791+0530][gc,task       ] GC(4) Using 8 workers of 8 for evacuation
[2021-09-01T11:22:37.798+0530][gc,phases     ] GC(4)   Pre Evacuate Collection Set: 0.1ms
[2021-09-01T11:22:37.798+0530][gc,phases     ] GC(4)   Evacuate Collection Set: 6.2ms
[2021-09-01T11:22:37.798+0530][gc,phases     ] GC(4)   Post Evacuate Collection Set: 0.3ms
[2021-09-01T11:22:37.798+0530][gc,phases     ] GC(4)   Other: 0.2ms
[2021-09-01T11:22:37.798+0530][gc,heap       ] GC(4) Eden regions: 22->0(49)
[2021-09-01T11:22:37.798+0530][gc,heap       ] GC(4) Survivor regions: 5->2(7)
[2021-09-01T11:22:37.798+0530][gc,heap       ] GC(4) Old regions: 9->14
[2021-09-01T11:22:37.798+0530][gc,heap       ] GC(4) Humongous regions: 129->129
[2021-09-01T11:22:37.798+0530][gc,metaspace  ] GC(4) Metaspace: 34621K->34621K(1081344K)
[2021-09-01T11:22:37.798+0530][gc            ] GC(4) Pause Young (Concurrent Start) (GCLocker Initiated GC) 162M->142M(1024M) 6.919ms
[2021-09-01T11:22:37.798+0530][gc,cpu        ] GC(4) User=0.03s Sys=0.00s Real=0.00s
[2021-09-01T11:22:37.798+0530][gc            ] GC(5) Concurrent Cycle
[2021-09-01T11:22:37.798+0530][gc,marking    ] GC(5) Concurrent Clear Claimed Marks
[2021-09-01T11:22:37.798+0530][gc,marking    ] GC(5) Concurrent Clear Claimed Marks 0.118ms
[2021-09-01T11:22:37.798+0530][gc,marking    ] GC(5) Concurrent Scan Root Regions
[2021-09-01T11:22:37.799+0530][gc,marking    ] GC(5) Concurrent Scan Root Regions 0.898ms
[2021-09-01T11:22:37.799+0530][gc,marking    ] GC(5) Concurrent Mark (1.607s)
[2021-09-01T11:22:37.799+0530][gc,marking    ] GC(5) Concurrent Mark From Roots
[2021-09-01T11:22:37.799+0530][gc,task       ] GC(5) Using 2 workers of 2 for marking
[2021-09-01T11:22:37.811+0530][gc,marking    ] GC(5) Concurrent Mark From Roots 11.577ms
[2021-09-01T11:22:37.811+0530][gc,marking    ] GC(5) Concurrent Preclean
[2021-09-01T11:22:37.811+0530][gc,marking    ] GC(5) Concurrent Preclean 0.157ms
[2021-09-01T11:22:37.811+0530][gc,marking    ] GC(5) Concurrent Mark (1.607s, 1.619s) 11.791ms
[2021-09-01T11:22:37.811+0530][gc,start      ] GC(5) Pause Remark
[2021-09-01T11:22:37.814+0530][gc,stringtable] GC(5) Cleaned string and symbol table, strings: 10959 processed, 13 removed, symbols: 82671 processed, 18 removed
[2021-09-01T11:22:37.814+0530][gc            ] GC(5) Pause Remark 144M->144M(1024M) 2.733ms
[2021-09-01T11:22:37.814+0530][gc,cpu        ] GC(5) User=0.02s Sys=0.00s Real=0.00s
[2021-09-01T11:22:37.814+0530][gc,marking    ] GC(5) Concurrent Rebuild Remembered Sets
[2021-09-01T11:22:37.820+0530][gc,marking    ] GC(5) Concurrent Rebuild Remembered Sets 5.644ms
[2021-09-01T11:22:37.820+0530][gc,start      ] GC(5) Pause Cleanup
[2021-09-01T11:22:37.820+0530][gc            ] GC(5) Pause Cleanup 145M->145M(1024M) 0.125ms
[2021-09-01T11:22:37.820+0530][gc,cpu        ] GC(5) User=0.00s Sys=0.00s Real=0.00s
[2021-09-01T11:22:37.820+0530][gc,marking    ] GC(5) Concurrent Cleanup for Next Mark
[2021-09-01T11:22:37.826+0530][gc,marking    ] GC(5) Concurrent Cleanup for Next Mark 6.259ms
[2021-09-01T11:22:37.826+0530][gc            ] GC(5) Concurrent Cycle 28.084ms
[2021-09-01T11:42:02.290+0530][gc,start      ] GC(6) Pause Young (Normal) (G1 Evacuation Pause)
[2021-09-01T11:42:02.290+0530][gc,task       ] GC(6) Using 8 workers of 8 for evacuation
[2021-09-01T11:42:02.294+0530][gc,phases     ] GC(6)   Pre Evacuate Collection Set: 0.0ms
[2021-09-01T11:42:02.294+0530][gc,phases     ] GC(6)   Evacuate Collection Set: 2.9ms
[2021-09-01T11:42:02.294+0530][gc,phases     ] GC(6)   Post Evacuate Collection Set: 0.5ms
[2021-09-01T11:42:02.294+0530][gc,phases     ] GC(6)   Other: 0.2ms
[2021-09-01T11:42:02.294+0530][gc,heap       ] GC(6) Eden regions: 49->0(47)
[2021-09-01T11:42:02.294+0530][gc,heap       ] GC(6) Survivor regions: 2->4(7)
[2021-09-01T11:42:02.294+0530][gc,heap       ] GC(6) Old regions: 14->14
[2021-09-01T11:42:02.294+0530][gc,heap       ] GC(6) Humongous regions: 129->129
[2021-09-01T11:42:02.294+0530][gc,metaspace  ] GC(6) Metaspace: 40364K->40364K(1085440K)
[2021-09-01T11:42:02.294+0530][gc            ] GC(6) Pause Young (Normal) (G1 Evacuation Pause) 191M->144M(1024M) 3.747ms
[2021-09-01T11:42:02.294+0530][gc,cpu        ] GC(6) User=0.02s Sys=0.00s Real=0.00s
[2021-09-01T11:52:33.293+0530][gc,start      ] GC(7) Pause Young (Normal) (G1 Evacuation Pause)
[2021-09-01T11:52:33.293+0530][gc,task       ] GC(7) Using 8 workers of 8 for evacuation
[2021-09-01T11:52:33.298+0530][gc,phases     ] GC(7)   Pre Evacuate Collection Set: 0.0ms
[2021-09-01T11:52:33.298+0530][gc,phases     ] GC(7)   Evacuate Collection Set: 3.9ms
[2021-09-01T11:52:33.298+0530][gc,phases     ] GC(7)   Post Evacuate Collection Set: 0.8ms
[2021-09-01T11:52:33.298+0530][gc,phases     ] GC(7)   Other: 0.2ms
[2021-09-01T11:52:33.298+0530][gc,heap       ] GC(7) Eden regions: 47->0(45)
[2021-09-01T11:52:33.298+0530][gc,heap       ] GC(7) Survivor regions: 4->6(7)
[2021-09-01T11:52:33.298+0530][gc,heap       ] GC(7) Old regions: 14->14
[2021-09-01T11:52:33.298+0530][gc,heap       ] GC(7) Humongous regions: 129->129
[2021-09-01T11:52:33.298+0530][gc,metaspace  ] GC(7) Metaspace: 43261K->43261K(1087488K)
[2021-09-01T11:52:33.298+0530][gc            ] GC(7) Pause Young (Normal) (G1 Evacuation Pause) 191M->146M(1024M) 4.871ms
[2021-09-01T11:52:33.298+0530][gc,cpu        ] GC(7) User=0.03s Sys=0.00s Real=0.00s
[2021-09-01T12:06:37.454+0530][gc,start      ] GC(8) Pause Young (Normal) (G1 Evacuation Pause)
[2021-09-01T12:06:37.454+0530][gc,task       ] GC(8) Using 8 workers of 8 for evacuation
[2021-09-01T12:06:37.458+0530][gc,phases     ] GC(8)   Pre Evacuate Collection Set: 0.0ms
[2021-09-01T12:06:37.458+0530][gc,phases     ] GC(8)   Evacuate Collection Set: 3.3ms
[2021-09-01T12:06:37.458+0530][gc,phases     ] GC(8)   Post Evacuate Collection Set: 0.6ms
[2021-09-01T12:06:37.458+0530][gc,phases     ] GC(8)   Other: 0.2ms
[2021-09-01T12:06:37.458+0530][gc,heap       ] GC(8) Eden regions: 45->0(47)
[2021-09-01T12:06:37.458+0530][gc,heap       ] GC(8) Survivor regions: 6->4(7)
[2021-09-01T12:06:37.458+0530][gc,heap       ] GC(8) Old regions: 14->17
[2021-09-01T12:06:37.458+0530][gc,heap       ] GC(8) Humongous regions: 129->129
[2021-09-01T12:06:37.458+0530][gc,metaspace  ] GC(8) Metaspace: 43367K->43367K(1087488K)
[2021-09-01T12:06:37.458+0530][gc            ] GC(8) Pause Young (Normal) (G1 Evacuation Pause) 191M->147M(1024M) 4.149ms
[2021-09-01T12:06:37.458+0530][gc,cpu        ] GC(8) User=0.03s Sys=0.00s Real=0.00s
[2021-09-01T12:22:20.721+0530][gc,start      ] GC(9) Pause Young (Normal) (G1 Evacuation Pause)
[2021-09-01T12:22:20.721+0530][gc,task       ] GC(9) Using 8 workers of 8 for evacuation
[2021-09-01T12:22:20.731+0530][gc,phases     ] GC(9)   Pre Evacuate Collection Set: 0.0ms
[2021-09-01T12:22:20.731+0530][gc,phases     ] GC(9)   Evacuate Collection Set: 8.1ms
[2021-09-01T12:22:20.731+0530][gc,phases     ] GC(9)   Post Evacuate Collection Set: 1.6ms
[2021-09-01T12:22:20.731+0530][gc,phases     ] GC(9)   Other: 0.3ms
[2021-09-01T12:22:20.731+0530][gc,heap       ] GC(9) Eden regions: 47->0(47)
[2021-09-01T12:22:20.731+0530][gc,heap       ] GC(9) Survivor regions: 4->4(7)
[2021-09-01T12:22:20.731+0530][gc,heap       ] GC(9) Old regions: 17->17
[2021-09-01T12:22:20.731+0530][gc,heap       ] GC(9) Humongous regions: 129->129
[2021-09-01T12:22:20.731+0530][gc,metaspace  ] GC(9) Metaspace: 43466K->43466K(1087488K)
[2021-09-01T12:22:20.731+0530][gc            ] GC(9) Pause Young (Normal) (G1 Evacuation Pause) 194M->147M(1024M) 10.180ms
[2021-09-01T12:22:20.731+0530][gc,cpu        ] GC(9) User=0.06s Sys=0.00s Real=0.01s
[2021-09-01T12:38:00.721+0530][gc,start      ] GC(10) Pause Young (Normal) (G1 Evacuation Pause)
[2021-09-01T12:38:00.721+0530][gc,task       ] GC(10) Using 8 workers of 8 for evacuation
[2021-09-01T12:38:00.728+0530][gc,phases     ] GC(10)   Pre Evacuate Collection Set: 0.0ms
[2021-09-01T12:38:00.728+0530][gc,phases     ] GC(10)   Evacuate Collection Set: 4.8ms
[2021-09-01T12:38:00.728+0530][gc,phases     ] GC(10)   Post Evacuate Collection Set: 2.3ms
[2021-09-01T12:38:00.728+0530][gc,phases     ] GC(10)   Other: 0.3ms
[2021-09-01T12:38:00.728+0530][gc,heap       ] GC(10) Eden regions: 47->0(51)
[2021-09-01T12:38:00.728+0530][gc,heap       ] GC(10) Survivor regions: 4->4(7)
[2021-09-01T12:38:00.728+0530][gc,heap       ] GC(10) Old regions: 17->17
[2021-09-01T12:38:00.728+0530][gc,heap       ] GC(10) Humongous regions: 129->129
[2021-09-01T12:38:00.728+0530][gc,metaspace  ] GC(10) Metaspace: 43551K->43551K(1089536K)
[2021-09-01T12:38:00.728+0530][gc            ] GC(10) Pause Young (Normal) (G1 Evacuation Pause) 194M->147M(1024M) 7.485ms
[2021-09-01T12:38:00.728+0530][gc,cpu        ] GC(10) User=0.04s Sys=0.00s Real=0.01s
[2021-09-01T12:56:19.482+0530][gc,start      ] GC(11) Pause Young (Normal) (G1 Evacuation Pause)
[2021-09-01T12:56:19.482+0530][gc,task       ] GC(11) Using 8 workers of 8 for evacuation
[2021-09-01T12:56:19.489+0530][gc,phases     ] GC(11)   Pre Evacuate Collection Set: 0.0ms
[2021-09-01T12:56:19.489+0530][gc,phases     ] GC(11)   Evacuate Collection Set: 5.3ms
[2021-09-01T12:56:19.489+0530][gc,phases     ] GC(11)   Post Evacuate Collection Set: 2.0ms
[2021-09-01T12:56:19.489+0530][gc,phases     ] GC(11)   Other: 0.3ms
[2021-09-01T12:56:19.489+0530][gc,heap       ] GC(11) Eden regions: 51->0(64)
[2021-09-01T12:56:19.489+0530][gc,heap       ] GC(11) Survivor regions: 4->4(7)
[2021-09-01T12:56:19.489+0530][gc,heap       ] GC(11) Old regions: 17->17
[2021-09-01T12:56:19.489+0530][gc,heap       ] GC(11) Humongous regions: 129->129
[2021-09-01T12:56:19.489+0530][gc,metaspace  ] GC(11) Metaspace: 43589K->43589K(1089536K)
[2021-09-01T12:56:19.489+0530][gc            ] GC(11) Pause Young (Normal) (G1 Evacuation Pause) 198M->147M(1024M) 7.628ms
[2021-09-01T12:56:19.489+0530][gc,cpu        ] GC(11) User=0.05s Sys=0.00s Real=0.01s
[2021-09-01T13:19:12.198+0530][gc,start      ] GC(12) Pause Young (Normal) (G1 Evacuation Pause)
[2021-09-01T13:19:12.198+0530][gc,task       ] GC(12) Using 8 workers of 8 for evacuation
[2021-09-01T13:19:12.205+0530][gc,phases     ] GC(12)   Pre Evacuate Collection Set: 0.0ms
[2021-09-01T13:19:12.205+0530][gc,phases     ] GC(12)   Evacuate Collection Set: 4.9ms
[2021-09-01T13:19:12.205+0530][gc,phases     ] GC(12)   Post Evacuate Collection Set: 2.7ms
[2021-09-01T13:19:12.205+0530][gc,phases     ] GC(12)   Other: 0.3ms
[2021-09-01T13:19:12.205+0530][gc,heap       ] GC(12) Eden regions: 64->0(610)
[2021-09-01T13:19:12.205+0530][gc,heap       ] GC(12) Survivor regions: 4->4(9)
[2021-09-01T13:19:12.206+0530][gc,heap       ] GC(12) Old regions: 17->17
[2021-09-01T13:19:12.206+0530][gc,heap       ] GC(12) Humongous regions: 129->129
[2021-09-01T13:19:12.206+0530][gc,metaspace  ] GC(12) Metaspace: 43614K->43614K(1089536K)
[2021-09-01T13:19:12.206+0530][gc            ] GC(12) Pause Young (Normal) (G1 Evacuation Pause) 211M->147M(1024M) 8.031ms
[2021-09-01T13:19:12.206+0530][gc,cpu        ] GC(12) User=0.05s Sys=0.00s Real=0.01s
[2021-09-01T17:17:07.211+0530][gc,start      ] GC(13) Pause Young (Normal) (G1 Evacuation Pause)
[2021-09-01T17:17:07.211+0530][gc,task       ] GC(13) Using 8 workers of 8 for evacuation
[2021-09-01T17:17:07.222+0530][gc,phases     ] GC(13)   Pre Evacuate Collection Set: 0.0ms
[2021-09-01T17:17:07.222+0530][gc,phases     ] GC(13)   Evacuate Collection Set: 6.3ms
[2021-09-01T17:17:07.223+0530][gc,phases     ] GC(13)   Post Evacuate Collection Set: 4.3ms
[2021-09-01T17:17:07.223+0530][gc,phases     ] GC(13)   Other: 0.4ms
[2021-09-01T17:17:07.223+0530][gc,heap       ] GC(13) Eden regions: 610->0(108)
[2021-09-01T17:17:07.223+0530][gc,heap       ] GC(13) Survivor regions: 4->5(77)
[2021-09-01T17:17:07.223+0530][gc,heap       ] GC(13) Old regions: 17->17
[2021-09-01T17:17:07.223+0530][gc,heap       ] GC(13) Humongous regions: 129->129
[2021-09-01T17:17:07.223+0530][gc,metaspace  ] GC(13) Metaspace: 44077K->44077K(1089536K)
[2021-09-01T17:17:07.223+0530][gc            ] GC(13) Pause Young (Normal) (G1 Evacuation Pause) 757M->147M(1024M) 11.220ms
[2021-09-01T17:17:07.223+0530][gc,cpu        ] GC(13) User=0.06s Sys=0.00s Real=0.01s
[2021-09-01T18:20:47.358+0530][gc,start      ] GC(14) Pause Young (Normal) (G1 Evacuation Pause)
[2021-09-01T18:20:47.358+0530][gc,task       ] GC(14) Using 8 workers of 8 for evacuation
[2021-09-01T18:20:47.369+0530][gc,phases     ] GC(14)   Pre Evacuate Collection Set: 0.0ms
[2021-09-01T18:20:47.369+0530][gc,phases     ] GC(14)   Evacuate Collection Set: 3.7ms
[2021-09-01T18:20:47.369+0530][gc,phases     ] GC(14)   Post Evacuate Collection Set: 7.1ms
[2021-09-01T18:20:47.369+0530][gc,phases     ] GC(14)   Other: 0.2ms
[2021-09-01T18:20:47.369+0530][gc,heap       ] GC(14) Eden regions: 108->0(225)
[2021-09-01T18:20:47.369+0530][gc,heap       ] GC(14) Survivor regions: 5->4(15)
[2021-09-01T18:20:47.369+0530][gc,heap       ] GC(14) Old regions: 17->17
[2021-09-01T18:20:47.369+0530][gc,heap       ] GC(14) Humongous regions: 129->129
[2021-09-01T18:20:47.369+0530][gc,metaspace  ] GC(14) Metaspace: 44087K->44087K(1089536K)
[2021-09-01T18:20:47.369+0530][gc            ] GC(14) Pause Young (Normal) (G1 Evacuation Pause) 255M->147M(1024M) 11.118ms
[2021-09-01T18:20:47.369+0530][gc,cpu        ] GC(14) User=0.05s Sys=0.00s Real=0.02s
