[2021-09-06T12:05:55.120+0530][gc,heap] Heap region size: 1M
[2021-09-06T12:05:55.134+0530][gc     ] Using G1
[2021-09-06T12:05:55.134+0530][gc,heap,coops] Heap address: 0x00000000c0000000, size: 1024 MB, Compressed Oops mode: 32-bit
[2021-09-06T12:05:55.134+0530][gc,cds       ] Mark closed archive regions in map: [0x00000000fff00000, 0x00000000fff6aff8]
[2021-09-06T12:05:55.134+0530][gc,cds       ] Mark open archive regions in map: [0x00000000ffe00000, 0x00000000ffe46ff8]
[2021-09-06T12:05:55.940+0530][gc,start     ] GC(0) Pause Young (Normal) (G1 Evacuation Pause)
[2021-09-06T12:05:55.941+0530][gc,task      ] GC(0) Using 8 workers of 8 for evacuation
[2021-09-06T12:05:55.947+0530][gc,phases    ] GC(0)   Pre Evacuate Collection Set: 0.0ms
[2021-09-06T12:05:55.947+0530][gc,phases    ] GC(0)   Evacuate Collection Set: 5.7ms
[2021-09-06T12:05:55.947+0530][gc,phases    ] GC(0)   Post Evacuate Collection Set: 0.4ms
[2021-09-06T12:05:55.947+0530][gc,phases    ] GC(0)   Other: 0.6ms
[2021-09-06T12:05:55.947+0530][gc,heap      ] GC(0) Eden regions: 51->0(44)
[2021-09-06T12:05:55.947+0530][gc,heap      ] GC(0) Survivor regions: 0->7(7)
[2021-09-06T12:05:55.947+0530][gc,heap      ] GC(0) Old regions: 2->2
[2021-09-06T12:05:55.947+0530][gc,heap      ] GC(0) Humongous regions: 0->0
[2021-09-06T12:05:55.947+0530][gc,metaspace ] GC(0) Metaspace: 15793K->15793K(1062912K)
[2021-09-06T12:05:55.947+0530][gc           ] GC(0) Pause Young (Normal) (G1 Evacuation Pause) 51M->7M(1024M) 6.860ms
[2021-09-06T12:05:55.947+0530][gc,cpu       ] GC(0) User=0.05s Sys=0.00s Real=0.01s
[2021-09-06T12:05:56.162+0530][gc,start     ] GC(1) Pause Young (Concurrent Start) (Metadata GC Threshold)
[2021-09-06T12:05:56.162+0530][gc,task      ] GC(1) Using 8 workers of 8 for evacuation
[2021-09-06T12:05:56.169+0530][gc,phases    ] GC(1)   Pre Evacuate Collection Set: 0.1ms
[2021-09-06T12:05:56.169+0530][gc,phases    ] GC(1)   Evacuate Collection Set: 5.6ms
[2021-09-06T12:05:56.169+0530][gc,phases    ] GC(1)   Post Evacuate Collection Set: 0.5ms
[2021-09-06T12:05:56.169+0530][gc,phases    ] GC(1)   Other: 0.3ms
[2021-09-06T12:05:56.169+0530][gc,heap      ] GC(1) Eden regions: 20->0(50)
[2021-09-06T12:05:56.169+0530][gc,heap      ] GC(1) Survivor regions: 7->1(7)
[2021-09-06T12:05:56.169+0530][gc,heap      ] GC(1) Old regions: 2->9
[2021-09-06T12:05:56.169+0530][gc,heap      ] GC(1) Humongous regions: 0->0
[2021-09-06T12:05:56.169+0530][gc,metaspace ] GC(1) Metaspace: 20605K->20605K(1067008K)
[2021-09-06T12:05:56.169+0530][gc           ] GC(1) Pause Young (Concurrent Start) (Metadata GC Threshold) 26M->8M(1024M) 6.662ms
[2021-09-06T12:05:56.169+0530][gc,cpu       ] GC(1) User=0.04s Sys=0.00s Real=0.01s
[2021-09-06T12:05:56.169+0530][gc           ] GC(2) Concurrent Cycle
[2021-09-06T12:05:56.169+0530][gc,marking   ] GC(2) Concurrent Clear Claimed Marks
[2021-09-06T12:05:56.169+0530][gc,marking   ] GC(2) Concurrent Clear Claimed Marks 0.043ms
[2021-09-06T12:05:56.169+0530][gc,marking   ] GC(2) Concurrent Scan Root Regions
[2021-09-06T12:05:56.170+0530][gc,marking   ] GC(2) Concurrent Scan Root Regions 1.206ms
[2021-09-06T12:05:56.170+0530][gc,marking   ] GC(2) Concurrent Mark (1.075s)
[2021-09-06T12:05:56.170+0530][gc,marking   ] GC(2) Concurrent Mark From Roots
[2021-09-06T12:05:56.171+0530][gc,task      ] GC(2) Using 2 workers of 2 for marking
[2021-09-06T12:05:56.174+0530][gc,marking   ] GC(2) Concurrent Mark From Roots 3.878ms
[2021-09-06T12:05:56.174+0530][gc,marking   ] GC(2) Concurrent Preclean
[2021-09-06T12:05:56.174+0530][gc,marking   ] GC(2) Concurrent Preclean 0.089ms
[2021-09-06T12:05:56.174+0530][gc,marking   ] GC(2) Concurrent Mark (1.075s, 1.079s) 4.009ms
[2021-09-06T12:05:56.175+0530][gc,start     ] GC(2) Pause Remark
[2021-09-06T12:05:56.176+0530][gc,stringtable] GC(2) Cleaned string and symbol table, strings: 5091 processed, 0 removed, symbols: 50656 processed, 58 removed
[2021-09-06T12:05:56.176+0530][gc            ] GC(2) Pause Remark 8M->8M(1024M) 1.303ms
[2021-09-06T12:05:56.176+0530][gc,cpu        ] GC(2) User=0.00s Sys=0.00s Real=0.00s
[2021-09-06T12:05:56.176+0530][gc,marking    ] GC(2) Concurrent Rebuild Remembered Sets
[2021-09-06T12:05:56.178+0530][gc,marking    ] GC(2) Concurrent Rebuild Remembered Sets 1.976ms
[2021-09-06T12:05:56.178+0530][gc,start      ] GC(2) Pause Cleanup
[2021-09-06T12:05:56.178+0530][gc            ] GC(2) Pause Cleanup 9M->9M(1024M) 0.168ms
[2021-09-06T12:05:56.178+0530][gc,cpu        ] GC(2) User=0.00s Sys=0.00s Real=0.00s
[2021-09-06T12:05:56.178+0530][gc,marking    ] GC(2) Concurrent Cleanup for Next Mark
[2021-09-06T12:05:56.182+0530][gc,marking    ] GC(2) Concurrent Cleanup for Next Mark 3.460ms
[2021-09-06T12:05:56.182+0530][gc            ] GC(2) Concurrent Cycle 12.765ms
[2021-09-06T12:05:56.678+0530][gc,start      ] GC(3) Pause Young (Normal) (G1 Evacuation Pause)
[2021-09-06T12:05:56.678+0530][gc,task       ] GC(3) Using 8 workers of 8 for evacuation
[2021-09-06T12:05:56.682+0530][gc,phases     ] GC(3)   Pre Evacuate Collection Set: 0.0ms
[2021-09-06T12:05:56.682+0530][gc,phases     ] GC(3)   Evacuate Collection Set: 3.3ms
[2021-09-06T12:05:56.682+0530][gc,phases     ] GC(3)   Post Evacuate Collection Set: 0.3ms
[2021-09-06T12:05:56.682+0530][gc,phases     ] GC(3)   Other: 0.1ms
[2021-09-06T12:05:56.682+0530][gc,heap       ] GC(3) Eden regions: 50->0(46)
[2021-09-06T12:05:56.682+0530][gc,heap       ] GC(3) Survivor regions: 1->5(7)
[2021-09-06T12:05:56.682+0530][gc,heap       ] GC(3) Old regions: 9->9
[2021-09-06T12:05:56.682+0530][gc,heap       ] GC(3) Humongous regions: 129->129
[2021-09-06T12:05:56.682+0530][gc,metaspace  ] GC(3) Metaspace: 29855K->29855K(1077248K)
[2021-09-06T12:05:56.682+0530][gc            ] GC(3) Pause Young (Normal) (G1 Evacuation Pause) 187M->141M(1024M) 3.792ms
[2021-09-06T12:05:56.682+0530][gc,cpu        ] GC(3) User=0.03s Sys=0.00s Real=0.00s
[2021-09-06T12:05:56.848+0530][gc,start      ] GC(4) Pause Young (Concurrent Start) (Metadata GC Threshold)
[2021-09-06T12:05:56.848+0530][gc,task       ] GC(4) Using 8 workers of 8 for evacuation
[2021-09-06T12:05:56.855+0530][gc,phases     ] GC(4)   Pre Evacuate Collection Set: 0.2ms
[2021-09-06T12:05:56.855+0530][gc,phases     ] GC(4)   Evacuate Collection Set: 6.4ms
[2021-09-06T12:05:56.855+0530][gc,phases     ] GC(4)   Post Evacuate Collection Set: 0.4ms
[2021-09-06T12:05:56.855+0530][gc,phases     ] GC(4)   Other: 0.2ms
[2021-09-06T12:05:56.855+0530][gc,heap       ] GC(4) Eden regions: 22->0(49)
[2021-09-06T12:05:56.855+0530][gc,heap       ] GC(4) Survivor regions: 5->2(7)
[2021-09-06T12:05:56.855+0530][gc,heap       ] GC(4) Old regions: 9->14
[2021-09-06T12:05:56.855+0530][gc,heap       ] GC(4) Humongous regions: 129->129
[2021-09-06T12:05:56.855+0530][gc,metaspace  ] GC(4) Metaspace: 34682K->34682K(1081344K)
[2021-09-06T12:05:56.855+0530][gc            ] GC(4) Pause Young (Concurrent Start) (Metadata GC Threshold) 162M->142M(1024M) 7.249ms
[2021-09-06T12:05:56.855+0530][gc,cpu        ] GC(4) User=0.03s Sys=0.00s Real=0.01s
[2021-09-06T12:05:56.855+0530][gc            ] GC(5) Concurrent Cycle
[2021-09-06T12:05:56.855+0530][gc,marking    ] GC(5) Concurrent Clear Claimed Marks
[2021-09-06T12:05:56.855+0530][gc,marking    ] GC(5) Concurrent Clear Claimed Marks 0.051ms
[2021-09-06T12:05:56.855+0530][gc,marking    ] GC(5) Concurrent Scan Root Regions
[2021-09-06T12:05:56.856+0530][gc,marking    ] GC(5) Concurrent Scan Root Regions 1.404ms
[2021-09-06T12:05:56.856+0530][gc,marking    ] GC(5) Concurrent Mark (1.761s)
[2021-09-06T12:05:56.856+0530][gc,marking    ] GC(5) Concurrent Mark From Roots
[2021-09-06T12:05:56.856+0530][gc,task       ] GC(5) Using 2 workers of 2 for marking
[2021-09-06T12:05:56.870+0530][gc,marking    ] GC(5) Concurrent Mark From Roots 13.662ms
[2021-09-06T12:05:56.870+0530][gc,marking    ] GC(5) Concurrent Preclean
[2021-09-06T12:05:56.870+0530][gc,marking    ] GC(5) Concurrent Preclean 0.116ms
[2021-09-06T12:05:56.870+0530][gc,marking    ] GC(5) Concurrent Mark (1.761s, 1.775s) 13.845ms
[2021-09-06T12:05:56.871+0530][gc,start      ] GC(5) Pause Remark
[2021-09-06T12:05:56.884+0530][gc,stringtable] GC(5) Cleaned string and symbol table, strings: 11021 processed, 13 removed, symbols: 82538 processed, 17 removed
[2021-09-06T12:05:56.884+0530][gc            ] GC(5) Pause Remark 144M->144M(1024M) 13.460ms
[2021-09-06T12:05:56.884+0530][gc,cpu        ] GC(5) User=0.08s Sys=0.00s Real=0.02s
[2021-09-06T12:05:56.884+0530][gc,marking    ] GC(5) Concurrent Rebuild Remembered Sets
[2021-09-06T12:05:56.889+0530][gc,marking    ] GC(5) Concurrent Rebuild Remembered Sets 5.155ms
[2021-09-06T12:05:56.890+0530][gc,start      ] GC(5) Pause Cleanup
[2021-09-06T12:05:56.890+0530][gc            ] GC(5) Pause Cleanup 145M->145M(1024M) 0.167ms
[2021-09-06T12:05:56.890+0530][gc,cpu        ] GC(5) User=0.00s Sys=0.00s Real=0.00s
[2021-09-06T12:05:56.890+0530][gc,marking    ] GC(5) Concurrent Cleanup for Next Mark
[2021-09-06T12:05:56.894+0530][gc,marking    ] GC(5) Concurrent Cleanup for Next Mark 4.402ms
[2021-09-06T12:05:56.894+0530][gc            ] GC(5) Concurrent Cycle 39.447ms
[2021-09-06T12:06:51.191+0530][gc,start      ] GC(6) Pause Young (Normal) (G1 Evacuation Pause)
[2021-09-06T12:06:51.191+0530][gc,task       ] GC(6) Using 8 workers of 8 for evacuation
[2021-09-06T12:06:51.199+0530][gc,phases     ] GC(6)   Pre Evacuate Collection Set: 0.0ms
[2021-09-06T12:06:51.199+0530][gc,phases     ] GC(6)   Evacuate Collection Set: 5.9ms
[2021-09-06T12:06:51.199+0530][gc,phases     ] GC(6)   Post Evacuate Collection Set: 1.2ms
[2021-09-06T12:06:51.199+0530][gc,phases     ] GC(6)   Other: 0.3ms
[2021-09-06T12:06:51.199+0530][gc,heap       ] GC(6) Eden regions: 49->0(46)
[2021-09-06T12:06:51.199+0530][gc,heap       ] GC(6) Survivor regions: 2->5(7)
[2021-09-06T12:06:51.199+0530][gc,heap       ] GC(6) Old regions: 14->14
[2021-09-06T12:06:51.199+0530][gc,heap       ] GC(6) Humongous regions: 129->129
[2021-09-06T12:06:51.199+0530][gc,metaspace  ] GC(6) Metaspace: 41905K->41905K(1087488K)
[2021-09-06T12:06:51.199+0530][gc            ] GC(6) Pause Young (Normal) (G1 Evacuation Pause) 191M->145M(1024M) 7.569ms
[2021-09-06T12:06:51.199+0530][gc,cpu        ] GC(6) User=0.05s Sys=0.00s Real=0.01s
[2021-09-06T12:23:52.200+0530][gc,start      ] GC(7) Pause Young (Normal) (G1 Evacuation Pause)
[2021-09-06T12:23:52.200+0530][gc,task       ] GC(7) Using 8 workers of 8 for evacuation
[2021-09-06T12:23:52.208+0530][gc,phases     ] GC(7)   Pre Evacuate Collection Set: 0.0ms
[2021-09-06T12:23:52.209+0530][gc,phases     ] GC(7)   Evacuate Collection Set: 7.1ms
[2021-09-06T12:23:52.209+0530][gc,phases     ] GC(7)   Post Evacuate Collection Set: 1.0ms
[2021-09-06T12:23:52.209+0530][gc,phases     ] GC(7)   Other: 0.4ms
[2021-09-06T12:23:52.209+0530][gc,heap       ] GC(7) Eden regions: 46->0(46)
[2021-09-06T12:23:52.209+0530][gc,heap       ] GC(7) Survivor regions: 5->5(7)
[2021-09-06T12:23:52.209+0530][gc,heap       ] GC(7) Old regions: 14->15
[2021-09-06T12:23:52.209+0530][gc,heap       ] GC(7) Humongous regions: 129->129
[2021-09-06T12:23:52.209+0530][gc,metaspace  ] GC(7) Metaspace: 43357K->43357K(1087488K)
[2021-09-06T12:23:52.209+0530][gc            ] GC(7) Pause Young (Normal) (G1 Evacuation Pause) 191M->146M(1024M) 8.636ms
[2021-09-06T12:23:52.209+0530][gc,cpu        ] GC(7) User=0.06s Sys=0.00s Real=0.01s
[2021-09-06T12:50:36.227+0530][gc,start      ] GC(8) Pause Young (Normal) (G1 Evacuation Pause)
[2021-09-06T12:50:36.227+0530][gc,task       ] GC(8) Using 8 workers of 8 for evacuation
[2021-09-06T12:50:36.235+0530][gc,phases     ] GC(8)   Pre Evacuate Collection Set: 0.0ms
[2021-09-06T12:50:36.236+0530][gc,phases     ] GC(8)   Evacuate Collection Set: 6.7ms
[2021-09-06T12:50:36.236+0530][gc,phases     ] GC(8)   Post Evacuate Collection Set: 1.2ms
[2021-09-06T12:50:36.236+0530][gc,phases     ] GC(8)   Other: 0.3ms
[2021-09-06T12:50:36.236+0530][gc,heap       ] GC(8) Eden regions: 46->0(49)
[2021-09-06T12:50:36.236+0530][gc,heap       ] GC(8) Survivor regions: 5->2(7)
[2021-09-06T12:50:36.236+0530][gc,heap       ] GC(8) Old regions: 15->18
[2021-09-06T12:50:36.236+0530][gc,heap       ] GC(8) Humongous regions: 129->129
[2021-09-06T12:50:36.236+0530][gc,metaspace  ] GC(8) Metaspace: 43496K->43496K(1089536K)
[2021-09-06T12:50:36.236+0530][gc            ] GC(8) Pause Young (Normal) (G1 Evacuation Pause) 192M->146M(1024M) 8.328ms
[2021-09-06T12:50:36.236+0530][gc,cpu        ] GC(8) User=0.05s Sys=0.01s Real=0.01s
[2021-09-06T13:19:26.632+0530][gc,start      ] GC(9) Pause Young (Normal) (G1 Evacuation Pause)
[2021-09-06T13:19:26.632+0530][gc,task       ] GC(9) Using 8 workers of 8 for evacuation
[2021-09-06T13:19:26.637+0530][gc,phases     ] GC(9)   Pre Evacuate Collection Set: 0.1ms
[2021-09-06T13:19:26.637+0530][gc,phases     ] GC(9)   Evacuate Collection Set: 3.8ms
[2021-09-06T13:19:26.637+0530][gc,phases     ] GC(9)   Post Evacuate Collection Set: 0.7ms
[2021-09-06T13:19:26.637+0530][gc,phases     ] GC(9)   Other: 0.4ms
[2021-09-06T13:19:26.637+0530][gc,heap       ] GC(9) Eden regions: 49->0(49)
[2021-09-06T13:19:26.637+0530][gc,heap       ] GC(9) Survivor regions: 2->2(7)
[2021-09-06T13:19:26.637+0530][gc,heap       ] GC(9) Old regions: 18->18
[2021-09-06T13:19:26.637+0530][gc,heap       ] GC(9) Humongous regions: 129->129
[2021-09-06T13:19:26.637+0530][gc,metaspace  ] GC(9) Metaspace: 43625K->43625K(1089536K)
[2021-09-06T13:19:26.637+0530][gc            ] GC(9) Pause Young (Normal) (G1 Evacuation Pause) 195M->146M(1024M) 5.095ms
[2021-09-06T13:19:26.637+0530][gc,cpu        ] GC(9) User=0.04s Sys=0.00s Real=0.00s
[2021-09-06T14:42:09.303+0530][gc,start      ] GC(10) Pause Young (Normal) (G1 Evacuation Pause)
[2021-09-06T14:42:09.303+0530][gc,task       ] GC(10) Using 8 workers of 8 for evacuation
[2021-09-06T14:42:09.307+0530][gc,phases     ] GC(10)   Pre Evacuate Collection Set: 0.0ms
[2021-09-06T14:42:09.307+0530][gc,phases     ] GC(10)   Evacuate Collection Set: 3.2ms
[2021-09-06T14:42:09.307+0530][gc,phases     ] GC(10)   Post Evacuate Collection Set: 1.0ms
[2021-09-06T14:42:09.307+0530][gc,phases     ] GC(10)   Other: 0.3ms
[2021-09-06T14:42:09.307+0530][gc,heap       ] GC(10) Eden regions: 49->0(54)
[2021-09-06T14:42:09.307+0530][gc,heap       ] GC(10) Survivor regions: 2->2(7)
[2021-09-06T14:42:09.307+0530][gc,heap       ] GC(10) Old regions: 18->18
[2021-09-06T14:42:09.307+0530][gc,heap       ] GC(10) Humongous regions: 129->129
[2021-09-06T14:42:09.308+0530][gc,metaspace  ] GC(10) Metaspace: 43687K->43687K(1089536K)
[2021-09-06T14:42:09.308+0530][gc            ] GC(10) Pause Young (Normal) (G1 Evacuation Pause) 195M->146M(1024M) 4.629ms
[2021-09-06T14:42:09.308+0530][gc,cpu        ] GC(10) User=0.03s Sys=0.00s Real=0.01s
[2021-09-06T15:14:16.901+0530][gc,start      ] GC(11) Pause Young (Normal) (G1 Evacuation Pause)
[2021-09-06T15:14:16.901+0530][gc,task       ] GC(11) Using 8 workers of 8 for evacuation
[2021-09-06T15:14:16.906+0530][gc,phases     ] GC(11)   Pre Evacuate Collection Set: 0.0ms
[2021-09-06T15:14:16.906+0530][gc,phases     ] GC(11)   Evacuate Collection Set: 4.0ms
[2021-09-06T15:14:16.906+0530][gc,phases     ] GC(11)   Post Evacuate Collection Set: 0.7ms
[2021-09-06T15:14:16.906+0530][gc,phases     ] GC(11)   Other: 0.3ms
[2021-09-06T15:14:16.906+0530][gc,heap       ] GC(11) Eden regions: 54->0(57)
[2021-09-06T15:14:16.906+0530][gc,heap       ] GC(11) Survivor regions: 2->2(7)
[2021-09-06T15:14:16.906+0530][gc,heap       ] GC(11) Old regions: 18->18
[2021-09-06T15:14:16.906+0530][gc,heap       ] GC(11) Humongous regions: 129->129
[2021-09-06T15:14:16.906+0530][gc,metaspace  ] GC(11) Metaspace: 43735K->43735K(1089536K)
[2021-09-06T15:14:16.906+0530][gc            ] GC(11) Pause Young (Normal) (G1 Evacuation Pause) 200M->146M(1024M) 5.101ms
[2021-09-06T15:14:16.906+0530][gc,cpu        ] GC(11) User=0.03s Sys=0.00s Real=0.01s
[2021-09-06T15:48:31.901+0530][gc,start      ] GC(12) Pause Young (Normal) (G1 Evacuation Pause)
[2021-09-06T15:48:31.901+0530][gc,task       ] GC(12) Using 8 workers of 8 for evacuation
[2021-09-06T15:48:31.907+0530][gc,phases     ] GC(12)   Pre Evacuate Collection Set: 0.0ms
[2021-09-06T15:48:31.907+0530][gc,phases     ] GC(12)   Evacuate Collection Set: 4.1ms
[2021-09-06T15:48:31.907+0530][gc,phases     ] GC(12)   Post Evacuate Collection Set: 1.9ms
[2021-09-06T15:48:31.907+0530][gc,phases     ] GC(12)   Other: 0.3ms
[2021-09-06T15:48:31.907+0530][gc,heap       ] GC(12) Eden regions: 57->0(62)
[2021-09-06T15:48:31.907+0530][gc,heap       ] GC(12) Survivor regions: 2->2(8)
[2021-09-06T15:48:31.907+0530][gc,heap       ] GC(12) Old regions: 18->18
[2021-09-06T15:48:31.907+0530][gc,heap       ] GC(12) Humongous regions: 129->129
[2021-09-06T15:48:31.907+0530][gc,metaspace  ] GC(12) Metaspace: 43745K->43745K(1089536K)
[2021-09-06T15:48:31.908+0530][gc            ] GC(12) Pause Young (Normal) (G1 Evacuation Pause) 203M->146M(1024M) 6.339ms
[2021-09-06T15:48:31.908+0530][gc,cpu        ] GC(12) User=0.03s Sys=0.00s Real=0.01s
[2021-09-06T16:26:08.355+0530][gc,start      ] GC(13) Pause Young (Normal) (G1 Evacuation Pause)
[2021-09-06T16:26:08.355+0530][gc,task       ] GC(13) Using 8 workers of 8 for evacuation
[2021-09-06T16:26:08.362+0530][gc,phases     ] GC(13)   Pre Evacuate Collection Set: 0.0ms
[2021-09-06T16:26:08.362+0530][gc,phases     ] GC(13)   Evacuate Collection Set: 3.4ms
[2021-09-06T16:26:08.362+0530][gc,phases     ] GC(13)   Post Evacuate Collection Set: 2.9ms
[2021-09-06T16:26:08.362+0530][gc,phases     ] GC(13)   Other: 0.3ms
[2021-09-06T16:26:08.362+0530][gc,heap       ] GC(13) Eden regions: 62->0(68)
[2021-09-06T16:26:08.362+0530][gc,heap       ] GC(13) Survivor regions: 2->2(8)
[2021-09-06T16:26:08.362+0530][gc,heap       ] GC(13) Old regions: 18->18
[2021-09-06T16:26:08.362+0530][gc,heap       ] GC(13) Humongous regions: 129->129
[2021-09-06T16:26:08.362+0530][gc,metaspace  ] GC(13) Metaspace: 43752K->43752K(1089536K)
[2021-09-06T16:26:08.362+0530][gc            ] GC(13) Pause Young (Normal) (G1 Evacuation Pause) 208M->146M(1024M) 6.824ms
[2021-09-06T16:26:08.362+0530][gc,cpu        ] GC(13) User=0.05s Sys=0.00s Real=0.00s
[2021-09-06T17:07:50.928+0530][gc,start      ] GC(14) Pause Young (Normal) (G1 Evacuation Pause)
[2021-09-06T17:07:50.928+0530][gc,task       ] GC(14) Using 8 workers of 8 for evacuation
[2021-09-06T17:07:50.932+0530][gc,phases     ] GC(14)   Pre Evacuate Collection Set: 0.0ms
[2021-09-06T17:07:50.932+0530][gc,phases     ] GC(14)   Evacuate Collection Set: 2.5ms
[2021-09-06T17:07:50.932+0530][gc,phases     ] GC(14)   Post Evacuate Collection Set: 0.9ms
[2021-09-06T17:07:50.932+0530][gc,phases     ] GC(14)   Other: 0.2ms
[2021-09-06T17:07:50.932+0530][gc,heap       ] GC(14) Eden regions: 68->0(78)
[2021-09-06T17:07:50.932+0530][gc,heap       ] GC(14) Survivor regions: 2->2(9)
[2021-09-06T17:07:50.932+0530][gc,heap       ] GC(14) Old regions: 18->18
[2021-09-06T17:07:50.932+0530][gc,heap       ] GC(14) Humongous regions: 129->129
[2021-09-06T17:07:50.932+0530][gc,metaspace  ] GC(14) Metaspace: 43754K->43754K(1089536K)
[2021-09-06T17:07:50.932+0530][gc            ] GC(14) Pause Young (Normal) (G1 Evacuation Pause) 214M->146M(1024M) 3.627ms
[2021-09-06T17:07:50.932+0530][gc,cpu        ] GC(14) User=0.02s Sys=0.00s Real=0.00s
[2021-09-06T17:55:37.814+0530][gc,start      ] GC(15) Pause Young (Normal) (G1 Evacuation Pause)
[2021-09-06T17:55:37.814+0530][gc,task       ] GC(15) Using 8 workers of 8 for evacuation
[2021-09-06T17:55:37.816+0530][gc,phases     ] GC(15)   Pre Evacuate Collection Set: 0.0ms
[2021-09-06T17:55:37.816+0530][gc,phases     ] GC(15)   Evacuate Collection Set: 1.2ms
[2021-09-06T17:55:37.816+0530][gc,phases     ] GC(15)   Post Evacuate Collection Set: 0.4ms
[2021-09-06T17:55:37.816+0530][gc,phases     ] GC(15)   Other: 0.2ms
[2021-09-06T17:55:37.816+0530][gc,heap       ] GC(15) Eden regions: 78->0(92)
[2021-09-06T17:55:37.816+0530][gc,heap       ] GC(15) Survivor regions: 2->2(10)
[2021-09-06T17:55:37.816+0530][gc,heap       ] GC(15) Old regions: 18->18
[2021-09-06T17:55:37.816+0530][gc,heap       ] GC(15) Humongous regions: 129->129
[2021-09-06T17:55:37.816+0530][gc,metaspace  ] GC(15) Metaspace: 43767K->43767K(1089536K)
[2021-09-06T17:55:37.816+0530][gc            ] GC(15) Pause Young (Normal) (G1 Evacuation Pause) 224M->146M(1024M) 1.829ms
[2021-09-06T17:55:37.816+0530][gc,cpu        ] GC(15) User=0.00s Sys=0.01s Real=0.00s
[2021-09-06T18:52:25.496+0530][gc,start      ] GC(16) Pause Young (Normal) (G1 Evacuation Pause)
[2021-09-06T18:52:25.496+0530][gc,task       ] GC(16) Using 8 workers of 8 for evacuation
[2021-09-06T18:52:25.501+0530][gc,phases     ] GC(16)   Pre Evacuate Collection Set: 0.0ms
[2021-09-06T18:52:25.501+0530][gc,phases     ] GC(16)   Evacuate Collection Set: 3.7ms
[2021-09-06T18:52:25.501+0530][gc,phases     ] GC(16)   Post Evacuate Collection Set: 0.6ms
[2021-09-06T18:52:25.501+0530][gc,phases     ] GC(16)   Other: 0.3ms
[2021-09-06T18:52:25.501+0530][gc,heap       ] GC(16) Eden regions: 92->0(105)
[2021-09-06T18:52:25.501+0530][gc,heap       ] GC(16) Survivor regions: 2->2(12)
[2021-09-06T18:52:25.501+0530][gc,heap       ] GC(16) Old regions: 18->18
[2021-09-06T18:52:25.501+0530][gc,heap       ] GC(16) Humongous regions: 129->129
[2021-09-06T18:52:25.501+0530][gc,metaspace  ] GC(16) Metaspace: 43769K->43769K(1089536K)
[2021-09-06T18:52:25.501+0530][gc            ] GC(16) Pause Young (Normal) (G1 Evacuation Pause) 238M->146M(1024M) 4.788ms
[2021-09-06T18:52:25.501+0530][gc,cpu        ] GC(16) User=0.02s Sys=0.00s Real=0.00s
