[2021-09-05T18:06:44.613+0530][gc,heap] Heap region size: 1M
[2021-09-05T18:06:44.627+0530][gc     ] Using G1
[2021-09-05T18:06:44.627+0530][gc,heap,coops] Heap address: 0x00000000c0000000, size: 1024 MB, Compressed Oops mode: 32-bit
[2021-09-05T18:06:44.627+0530][gc,cds       ] Mark closed archive regions in map: [0x00000000fff00000, 0x00000000fff6aff8]
[2021-09-05T18:06:44.627+0530][gc,cds       ] Mark open archive regions in map: [0x00000000ffe00000, 0x00000000ffe46ff8]
[2021-09-05T18:07:04.247+0530][gc,heap,exit ] Heap
[2021-09-05T18:07:04.247+0530][gc,heap,exit ]  garbage-first heap   total 1048576K, used 49864K [0x00000000c0000000, 0x0000000100000000)
[2021-09-05T18:07:04.247+0530][gc,heap,exit ]   region size 1024K, 49 young (50176K), 0 survivors (0K)
[2021-09-05T18:07:04.247+0530][gc,heap,exit ]  Metaspace       used 15092K, capacity 15566K, committed 15616K, reserved 1062912K
[2021-09-05T18:07:04.247+0530][gc,heap,exit ]   class space    used 2068K, capacity 2278K, committed 2304K, reserved 1048576K
