[2021-09-05T18:23:13.213+0530][gc,heap] Heap region size: 1M
[2021-09-05T18:23:13.222+0530][gc     ] Using G1
[2021-09-05T18:23:13.222+0530][gc,heap,coops] Heap address: 0x00000000e0000000, size: 512 MB, Compressed Oops mode: 32-bit
[2021-09-05T18:23:13.222+0530][gc,cds       ] Mark closed archive regions in map: [0x00000000fff00000, 0x00000000fff6aff8]
[2021-09-05T18:23:13.222+0530][gc,cds       ] Mark open archive regions in map: [0x00000000ffe00000, 0x00000000ffe46ff8]
[2021-09-05T18:23:44.306+0530][gc,start     ] GC(0) Pause Young (Normal) (G1 Evacuation Pause)
[2021-09-05T18:23:44.307+0530][gc,task      ] GC(0) Using 8 workers of 8 for evacuation
[2021-09-05T18:23:44.314+0530][gc,phases    ] GC(0)   Pre Evacuate Collection Set: 0.0ms
[2021-09-05T18:23:44.314+0530][gc,phases    ] GC(0)   Evacuate Collection Set: 7.0ms
[2021-09-05T18:23:44.314+0530][gc,phases    ] GC(0)   Post Evacuate Collection Set: 0.7ms
[2021-09-05T18:23:44.315+0530][gc,phases    ] GC(0)   Other: 1.1ms
[2021-09-05T18:23:44.315+0530][gc,heap      ] GC(0) Eden regions: 25->0(21)
[2021-09-05T18:23:44.315+0530][gc,heap      ] GC(0) Survivor regions: 0->4(4)
[2021-09-05T18:23:44.315+0530][gc,heap      ] GC(0) Old regions: 2->4
[2021-09-05T18:23:44.315+0530][gc,heap      ] GC(0) Humongous regions: 0->0
[2021-09-05T18:23:44.315+0530][gc,metaspace ] GC(0) Metaspace: 7711K->7711K(1056768K)
[2021-09-05T18:23:44.315+0530][gc           ] GC(0) Pause Young (Normal) (G1 Evacuation Pause) 25M->5M(512M) 8.894ms
[2021-09-05T18:23:44.315+0530][gc,cpu       ] GC(0) User=0.05s Sys=0.00s Real=0.01s
[2021-09-05T20:43:45.225+0530][gc,start     ] GC(1) Pause Young (Normal) (G1 Evacuation Pause)
[2021-09-05T20:43:45.225+0530][gc,task      ] GC(1) Using 8 workers of 8 for evacuation
[2021-09-05T20:43:45.232+0530][gc,phases    ] GC(1)   Pre Evacuate Collection Set: 0.0ms
[2021-09-05T20:43:45.232+0530][gc,phases    ] GC(1)   Evacuate Collection Set: 6.6ms
[2021-09-05T20:43:45.232+0530][gc,phases    ] GC(1)   Post Evacuate Collection Set: 0.3ms
[2021-09-05T20:43:45.232+0530][gc,phases    ] GC(1)   Other: 0.2ms
[2021-09-05T20:43:45.232+0530][gc,heap      ] GC(1) Eden regions: 21->0(24)
[2021-09-05T20:43:45.232+0530][gc,heap      ] GC(1) Survivor regions: 4->1(4)
[2021-09-05T20:43:45.232+0530][gc,heap      ] GC(1) Old regions: 4->8
[2021-09-05T20:43:45.232+0530][gc,heap      ] GC(1) Humongous regions: 0->0
[2021-09-05T20:43:45.232+0530][gc,metaspace ] GC(1) Metaspace: 8413K->8413K(1056768K)
[2021-09-05T20:43:45.232+0530][gc           ] GC(1) Pause Young (Normal) (G1 Evacuation Pause) 26M->6M(512M) 7.213ms
[2021-09-05T20:43:45.232+0530][gc,cpu       ] GC(1) User=0.05s Sys=0.01s Real=0.01s
[2021-09-06T00:32:20.083+0530][gc,start     ] GC(2) Pause Young (Normal) (G1 Evacuation Pause)
[2021-09-06T00:32:20.083+0530][gc,task      ] GC(2) Using 8 workers of 8 for evacuation
[2021-09-06T00:32:20.087+0530][gc,phases    ] GC(2)   Pre Evacuate Collection Set: 0.0ms
[2021-09-06T00:32:20.087+0530][gc,phases    ] GC(2)   Evacuate Collection Set: 2.7ms
[2021-09-06T00:32:20.087+0530][gc,phases    ] GC(2)   Post Evacuate Collection Set: 0.3ms
[2021-09-06T00:32:20.087+0530][gc,phases    ] GC(2)   Other: 0.3ms
[2021-09-06T00:32:20.087+0530][gc,heap      ] GC(2) Eden regions: 24->0(24)
[2021-09-06T00:32:20.087+0530][gc,heap      ] GC(2) Survivor regions: 1->1(4)
[2021-09-06T00:32:20.087+0530][gc,heap      ] GC(2) Old regions: 8->8
[2021-09-06T00:32:20.087+0530][gc,heap      ] GC(2) Humongous regions: 0->0
[2021-09-06T00:32:20.087+0530][gc,metaspace ] GC(2) Metaspace: 8430K->8430K(1056768K)
[2021-09-06T00:32:20.087+0530][gc           ] GC(2) Pause Young (Normal) (G1 Evacuation Pause) 30M->6M(512M) 3.431ms
[2021-09-06T00:32:20.087+0530][gc,cpu       ] GC(2) User=0.02s Sys=0.00s Real=0.01s
[2021-09-06T01:02:19.683+0530][gc,heap,exit ] Heap
[2021-09-06T01:02:19.684+0530][gc,heap,exit ]  garbage-first heap   total 524288K, used 10715K [0x00000000e0000000, 0x0000000100000000)
[2021-09-06T01:02:19.684+0530][gc,heap,exit ]   region size 1024K, 6 young (6144K), 1 survivors (1024K)
[2021-09-06T01:02:19.684+0530][gc,heap,exit ]  Metaspace       used 8443K, capacity 8733K, committed 8960K, reserved 1056768K
[2021-09-06T01:02:19.684+0530][gc,heap,exit ]   class space    used 910K, capacity 1017K, committed 1024K, reserved 1048576K
