[2021-09-05T11:54:55.453+0530][gc,heap] Heap region size: 1M
[2021-09-05T11:54:55.462+0530][gc     ] Using G1
[2021-09-05T11:54:55.462+0530][gc,heap,coops] Heap address: 0x00000000e0000000, size: 512 MB, Compressed Oops mode: 32-bit
[2021-09-05T11:54:55.463+0530][gc,cds       ] Mark closed archive regions in map: [0x00000000fff00000, 0x00000000fff6aff8]
[2021-09-05T11:54:55.463+0530][gc,cds       ] Mark open archive regions in map: [0x00000000ffe00000, 0x00000000ffe46ff8]
[2021-09-05T11:55:22.687+0530][gc,start     ] GC(0) Pause Young (Normal) (G1 Evacuation Pause)
[2021-09-05T11:55:22.688+0530][gc,task      ] GC(0) Using 8 workers of 8 for evacuation
[2021-09-05T11:55:22.693+0530][gc,phases    ] GC(0)   Pre Evacuate Collection Set: 0.0ms
[2021-09-05T11:55:22.693+0530][gc,phases    ] GC(0)   Evacuate Collection Set: 4.7ms
[2021-09-05T11:55:22.693+0530][gc,phases    ] GC(0)   Post Evacuate Collection Set: 0.4ms
[2021-09-05T11:55:22.693+0530][gc,phases    ] GC(0)   Other: 0.7ms
[2021-09-05T11:55:22.693+0530][gc,heap      ] GC(0) Eden regions: 25->0(21)
[2021-09-05T11:55:22.693+0530][gc,heap      ] GC(0) Survivor regions: 0->4(4)
[2021-09-05T11:55:22.693+0530][gc,heap      ] GC(0) Old regions: 2->4
[2021-09-05T11:55:22.693+0530][gc,heap      ] GC(0) Humongous regions: 0->0
[2021-09-05T11:55:22.693+0530][gc,metaspace ] GC(0) Metaspace: 7755K->7755K(1056768K)
[2021-09-05T11:55:22.693+0530][gc           ] GC(0) Pause Young (Normal) (G1 Evacuation Pause) 25M->6M(512M) 5.765ms
[2021-09-05T11:55:22.693+0530][gc,cpu       ] GC(0) User=0.03s Sys=0.00s Real=0.01s
[2021-09-05T12:38:56.743+0530][gc,heap,exit ] Heap
[2021-09-05T12:38:56.743+0530][gc,heap,exit ]  garbage-first heap   total 524288K, used 14341K [0x00000000e0000000, 0x0000000100000000)
[2021-09-05T12:38:56.743+0530][gc,heap,exit ]   region size 1024K, 13 young (13312K), 4 survivors (4096K)
[2021-09-05T12:38:56.743+0530][gc,heap,exit ]  Metaspace       used 8426K, capacity 8777K, committed 8960K, reserved 1056768K
[2021-09-05T12:38:56.743+0530][gc,heap,exit ]   class space    used 909K, capacity 1017K, committed 1024K, reserved 1048576K
